2025-07-17 14:57:55,982 INFO o.a.j.u.JMeterUtils: Setting Locale to en_US
2025-07-17 14:57:55,993 INFO o.a.j.JMeter: Loading user properties from: /home/jaki/Git/SnapPattern/apache-jmeter-5.6.3/bin/user.properties
2025-07-17 14:57:55,994 INFO o.a.j.JMeter: Loading system properties from: /home/jaki/Git/SnapPattern/apache-jmeter-5.6.3/bin/system.properties
2025-07-17 14:57:55,994 INFO o.a.j.JMeter: Setting JMeter property: hostname=127.0.0.1
2025-07-17 14:57:55,994 INFO o.a.j.JMeter: Setting JMeter property: port=8080
2025-07-17 14:57:55,994 INFO o.a.j.JMeter: Setting JMeter property: numUser=40
2025-07-17 14:57:55,994 INFO o.a.j.JMeter: Setting JMeter property: rampUp=30
2025-07-17 14:57:55,994 INFO o.a.j.JMeter: Setting JMeter property: duration=300
2025-07-17 14:57:55,994 INFO o.a.j.JMeter: Setting JMeter property: jmeter.save.saveservice.latency=true
2025-07-17 14:57:55,994 INFO o.a.j.JMeter: Setting JMeter property: jmeter.save.saveservice.connect_time=true
2025-07-17 14:57:55,994 INFO o.a.j.JMeter: Setting JMeter property: jmeter.save.saveservice.output_format=csv
2025-07-17 14:57:55,998 INFO o.a.j.JMeter: Copyright (c) 1998-2024 The Apache Software Foundation
2025-07-17 14:57:55,998 INFO o.a.j.JMeter: Version 5.6.3
2025-07-17 14:57:55,998 INFO o.a.j.JMeter: java.version=17.0.15
2025-07-17 14:57:55,998 INFO o.a.j.JMeter: java.vm.name=OpenJDK 64-Bit Server VM
2025-07-17 14:57:55,998 INFO o.a.j.JMeter: os.name=Linux
2025-07-17 14:57:55,998 INFO o.a.j.JMeter: os.arch=amd64
2025-07-17 14:57:55,998 INFO o.a.j.JMeter: os.version=6.1.0-37-amd64
2025-07-17 14:57:55,998 INFO o.a.j.JMeter: file.encoding=UTF-8
2025-07-17 14:57:55,998 INFO o.a.j.JMeter: java.awt.headless=true
2025-07-17 14:57:55,999 INFO o.a.j.JMeter: Max memory     =8325693440
2025-07-17 14:57:55,999 INFO o.a.j.JMeter: Available Processors =12
2025-07-17 14:57:56,004 INFO o.a.j.JMeter: Default Locale=English (United States)
2025-07-17 14:57:56,004 INFO o.a.j.JMeter: JMeter  Locale=English (United States)
2025-07-17 14:57:56,004 INFO o.a.j.JMeter: JMeterHome=/home/jaki/Git/SnapPattern/apache-jmeter-5.6.3
2025-07-17 14:57:56,004 INFO o.a.j.JMeter: user.dir  =/home/jaki/Git/SnapPattern
2025-07-17 14:57:56,004 INFO o.a.j.JMeter: PWD       =/home/jaki/Git/SnapPattern
2025-07-17 14:57:56,004 INFO o.a.j.JMeter: IP: 127.0.1.1 Name: thinkpad FullName: thinkpad
2025-07-17 14:57:56,016 INFO o.a.j.s.FileServer: Default base='/home/jaki/Git/SnapPattern'
2025-07-17 14:57:56,017 INFO o.a.j.s.FileServer: Set new base='/home/jaki/Git/SnapPattern/src/main/resources/workloads'
2025-07-17 14:57:56,116 INFO o.a.j.s.SaveService: Testplan (JMX) version: 2.2. Testlog (JTL) version: 2.2
2025-07-17 14:57:56,135 INFO o.a.j.s.SaveService: Using SaveService properties version 5.0
2025-07-17 14:57:56,136 INFO o.a.j.s.SaveService: Using SaveService properties file encoding UTF-8
2025-07-17 14:57:56,138 INFO o.a.j.s.SaveService: Loading file: /home/jaki/Git/SnapPattern/src/main/resources/workloads/data-pipeline.jmx
2025-07-17 14:57:56,182 INFO o.a.j.JMeter: Creating summariser <summary>
2025-07-17 14:57:56,195 INFO o.a.j.e.StandardJMeterEngine: Running the test!
2025-07-17 14:57:56,196 INFO o.a.j.s.SampleEvent: List of sample_variables: []
2025-07-17 14:57:56,196 INFO o.a.j.s.SampleEvent: List of sample_variables: []
2025-07-17 14:57:56,201 INFO o.a.j.e.u.CompoundVariable: Note: Function class names must contain the string: '.functions.'
2025-07-17 14:57:56,201 INFO o.a.j.e.u.CompoundVariable: Note: Function class names must not contain the string: '.gui.'
2025-07-17 14:57:56,348 INFO o.a.j.JMeter: Running test (1752757076348)
2025-07-17 14:57:56,363 INFO o.a.j.e.StandardJMeterEngine: Starting ThreadGroup: 1 : Users
2025-07-17 14:57:56,363 INFO o.a.j.e.StandardJMeterEngine: Starting 10 threads for group Users.
2025-07-17 14:57:56,363 INFO o.a.j.e.StandardJMeterEngine: Thread will continue on error
2025-07-17 14:57:56,363 INFO o.a.j.t.ThreadGroup: Starting thread group... number=1 threads=10 ramp-up=30 delayedStart=false
2025-07-17 14:57:56,367 INFO o.a.j.t.JMeterThread: Thread started: Users 1-1
2025-07-17 14:57:56,368 INFO o.a.j.t.ThreadGroup: Started thread group number 1
2025-07-17 14:57:56,368 INFO o.a.j.e.StandardJMeterEngine: All thread groups have been started
2025-07-17 14:57:56,369 INFO o.a.j.s.SampleResult: Note: Sample TimeStamps are START times
2025-07-17 14:57:56,369 INFO o.a.j.s.SampleResult: sampleresult.default.encoding is set to UTF-8
2025-07-17 14:57:56,369 INFO o.a.j.s.SampleResult: sampleresult.useNanoTime=true
2025-07-17 14:57:56,369 INFO o.a.j.s.SampleResult: sampleresult.nanoThreadSleep=5000
2025-07-17 14:57:57,110 INFO o.a.j.p.j.s.J.Run Pipeline Request: Running mode: flaky, file: pipelines/flaky/book_url_pipeline_2.json
2025-07-17 14:57:57,122 INFO o.a.j.p.h.s.HTTPSamplerBase: Parser for text/html is org.apache.jmeter.protocol.http.parser.LagartoBasedHtmlParser
2025-07-17 14:57:57,122 INFO o.a.j.p.h.s.HTTPSamplerBase: Parser for application/xhtml+xml is org.apache.jmeter.protocol.http.parser.LagartoBasedHtmlParser
2025-07-17 14:57:57,122 INFO o.a.j.p.h.s.HTTPSamplerBase: Parser for application/xml is org.apache.jmeter.protocol.http.parser.LagartoBasedHtmlParser
2025-07-17 14:57:57,123 INFO o.a.j.p.h.s.HTTPSamplerBase: Parser for text/xml is org.apache.jmeter.protocol.http.parser.LagartoBasedHtmlParser
2025-07-17 14:57:57,123 INFO o.a.j.p.h.s.HTTPSamplerBase: Parser for text/vnd.wap.wml is org.apache.jmeter.protocol.http.parser.RegexpHTMLParser
2025-07-17 14:57:57,123 INFO o.a.j.p.h.s.HTTPSamplerBase: Parser for text/css is org.apache.jmeter.protocol.http.parser.CssParser
2025-07-17 14:57:57,140 INFO o.a.j.p.h.s.HTTPHCAbstractImpl: Local host = thinkpad
2025-07-17 14:57:57,144 INFO o.a.j.p.h.s.HTTPHC4Impl: HTTP request retry count = 0
2025-07-17 14:57:59,365 INFO o.a.j.t.JMeterThread: Thread started: Users 1-2
2025-07-17 14:57:59,370 INFO o.a.j.p.j.s.J.Run Pipeline Request: Running mode: flaky, file: pipelines/flaky/book_url_pipeline_3.json
2025-07-17 14:58:00,366 INFO o.a.j.r.Summariser: summary +      1 in 00:00:04 =    0.2/s Avg:  3992 Min:  3992 Max:  3992 Err:     0 (0.00%) Active: 2 Started: 2 Finished: 0
2025-07-17 14:58:00,367 INFO o.a.j.p.j.s.J.Run Pipeline Request: Running mode: broken, file: pipelines/block/book_url_pipeline_4.json
2025-07-17 14:58:02,365 INFO o.a.j.t.JMeterThread: Thread started: Users 1-3
2025-07-17 14:58:02,368 INFO o.a.j.p.j.s.J.Run Pipeline Request: Running mode: slow, file: pipelines/slow/book_url_pipeline_3.json
2025-07-17 14:58:02,467 INFO o.a.j.p.j.s.J.Run Pipeline Request: Running mode: slow, file: pipelines/slow/book_url_pipeline_4.json
2025-07-17 14:58:03,412 INFO o.a.j.p.j.s.J.Run Pipeline Request: Running mode: slow, file: pipelines/slow/book_url_pipeline_3.json
2025-07-17 14:58:05,365 INFO o.a.j.t.JMeterThread: Thread started: Users 1-4
2025-07-17 14:58:05,367 INFO o.a.j.p.j.s.J.Run Pipeline Request: Running mode: normal, file: pipelines/normal/book_url_pipeline_3.json
2025-07-17 14:58:08,364 INFO o.a.j.t.JMeterThread: Thread started: Users 1-5
2025-07-17 14:58:08,366 INFO o.a.j.p.j.s.J.Run Pipeline Request: Running mode: slow, file: pipelines/slow/book_url_pipeline_1.json
2025-07-17 14:58:08,539 INFO o.a.j.p.j.s.J.Run Pipeline Request: Running mode: flaky, file: pipelines/flaky/book_url_pipeline_3.json
2025-07-17 14:58:09,581 INFO o.a.j.p.j.s.J.Run Pipeline Request: Running mode: broken, file: pipelines/block/book_url_pipeline_3.json
2025-07-17 14:58:11,364 INFO o.a.j.t.JMeterThread: Thread started: Users 1-6
2025-07-17 14:58:11,366 INFO o.a.j.p.j.s.J.Run Pipeline Request: Running mode: normal, file: pipelines/normal/book_url_pipeline_4.json
2025-07-17 14:58:11,605 INFO o.a.j.p.j.s.J.Run Pipeline Request: Running mode: broken, file: pipelines/block/book_url_pipeline_2.json
2025-07-17 14:58:11,654 INFO o.a.j.p.j.s.J.Run Pipeline Request: Running mode: normal, file: pipelines/normal/book_url_pipeline_1.json
2025-07-17 14:58:12,625 INFO o.a.j.p.j.s.J.Run Pipeline Request: Running mode: normal, file: pipelines/normal/book_url_pipeline_1.json
2025-07-17 14:58:12,669 INFO o.a.j.p.j.s.J.Run Pipeline Request: Running mode: normal, file: pipelines/normal/book_url_pipeline_3.json
2025-07-17 14:58:14,365 INFO o.a.j.t.JMeterThread: Thread started: Users 1-7
2025-07-17 14:58:14,368 INFO o.a.j.p.j.s.J.Run Pipeline Request: Running mode: slow, file: pipelines/slow/book_url_pipeline_2.json
2025-07-17 14:58:14,486 INFO o.a.j.p.j.s.J.Run Pipeline Request: Running mode: slow, file: pipelines/slow/book_url_pipeline_2.json
2025-07-17 14:58:14,669 INFO o.a.j.p.j.s.J.Run Pipeline Request: Running mode: normal, file: pipelines/normal/book_url_pipeline_1.json
2025-07-17 14:58:14,815 INFO o.a.j.p.j.s.J.Run Pipeline Request: Running mode: normal, file: pipelines/normal/book_url_pipeline_4.json
2025-07-17 14:58:15,865 INFO o.a.j.p.j.s.J.Run Pipeline Request: Running mode: flaky, file: pipelines/flaky/book_url_pipeline_4.json
2025-07-17 14:58:15,891 INFO o.a.j.p.j.s.J.Run Pipeline Request: Running mode: flaky, file: pipelines/flaky/book_url_pipeline_2.json
2025-07-17 14:58:17,365 INFO o.a.j.t.JMeterThread: Thread started: Users 1-8
2025-07-17 14:58:17,367 INFO o.a.j.p.j.s.J.Run Pipeline Request: Running mode: flaky, file: pipelines/flaky/book_url_pipeline_3.json
2025-07-17 14:58:17,848 INFO o.a.j.p.j.s.J.Run Pipeline Request: Running mode: slow, file: pipelines/slow/book_url_pipeline_1.json
2025-07-17 14:58:17,916 INFO o.a.j.p.j.s.J.Run Pipeline Request: Running mode: normal, file: pipelines/normal/book_url_pipeline_3.json
2025-07-17 14:58:18,990 INFO o.a.j.p.j.s.J.Run Pipeline Request: Running mode: slow, file: pipelines/slow/book_url_pipeline_2.json
2025-07-17 14:58:19,027 INFO o.a.j.p.j.s.J.Run Pipeline Request: Running mode: flaky, file: pipelines/flaky/book_url_pipeline_2.json
2025-07-17 14:58:19,575 INFO o.a.j.p.j.s.J.Run Pipeline Request: Running mode: broken, file: pipelines/block/book_url_pipeline_4.json
2025-07-17 14:58:20,364 INFO o.a.j.t.JMeterThread: Thread started: Users 1-9
2025-07-17 14:58:20,366 INFO o.a.j.p.j.s.J.Run Pipeline Request: Running mode: broken, file: pipelines/block/book_url_pipeline_4.json
2025-07-17 14:58:20,477 INFO o.a.j.p.j.s.J.Run Pipeline Request: Running mode: slow, file: pipelines/slow/book_url_pipeline_4.json
2025-07-17 14:58:21,058 INFO o.a.j.p.j.s.J.Run Pipeline Request: Running mode: normal, file: pipelines/normal/book_url_pipeline_3.json
2025-07-17 14:58:21,513 INFO o.a.j.p.j.s.J.Run Pipeline Request: Running mode: slow, file: pipelines/slow/book_url_pipeline_1.json
2025-07-17 14:58:21,661 INFO o.a.j.p.j.s.J.Run Pipeline Request: Running mode: flaky, file: pipelines/flaky/book_url_pipeline_2.json
2025-07-17 14:58:22,237 INFO o.a.j.p.j.s.J.Run Pipeline Request: Running mode: slow, file: pipelines/slow/book_url_pipeline_4.json
2025-07-17 14:58:22,624 INFO o.a.j.p.j.s.J.Run Pipeline Request: Running mode: normal, file: pipelines/normal/book_url_pipeline_4.json
2025-07-17 14:58:23,364 INFO o.a.j.t.JMeterThread: Thread started: Users 1-10
2025-07-17 14:58:23,366 INFO o.a.j.p.j.s.J.Run Pipeline Request: Running mode: broken, file: pipelines/block/book_url_pipeline_1.json
2025-07-17 14:58:23,419 INFO o.a.j.p.j.s.J.Run Pipeline Request: Running mode: flaky, file: pipelines/flaky/book_url_pipeline_4.json
2025-07-17 14:58:24,226 INFO o.a.j.p.j.s.J.Run Pipeline Request: Running mode: normal, file: pipelines/normal/book_url_pipeline_1.json
2025-07-17 14:58:24,756 INFO o.a.j.p.j.s.J.Run Pipeline Request: Running mode: broken, file: pipelines/block/book_url_pipeline_4.json
2025-07-17 14:58:25,736 INFO o.a.j.p.j.s.J.Run Pipeline Request: Running mode: normal, file: pipelines/normal/book_url_pipeline_4.json
2025-07-17 14:58:26,239 INFO o.a.j.p.j.s.J.Run Pipeline Request: Running mode: flaky, file: pipelines/flaky/book_url_pipeline_2.json
2025-07-17 14:58:26,430 INFO o.a.j.p.j.s.J.Run Pipeline Request: Running mode: normal, file: pipelines/normal/book_url_pipeline_1.json
2025-07-17 14:58:26,526 INFO o.a.j.p.j.s.J.Run Pipeline Request: Running mode: broken, file: pipelines/block/book_url_pipeline_4.json
2025-07-17 14:58:27,423 INFO o.a.j.p.j.s.J.Run Pipeline Request: Running mode: normal, file: pipelines/normal/book_url_pipeline_3.json
2025-07-17 14:58:27,600 INFO o.a.j.p.j.s.J.Run Pipeline Request: Running mode: flaky, file: pipelines/flaky/book_url_pipeline_3.json
2025-07-17 14:58:27,800 INFO o.a.j.p.j.s.J.Run Pipeline Request: Running mode: normal, file: pipelines/normal/book_url_pipeline_2.json
2025-07-17 14:58:28,869 INFO o.a.j.p.j.s.J.Run Pipeline Request: Running mode: slow, file: pipelines/slow/book_url_pipeline_3.json
2025-07-17 14:58:29,069 INFO o.a.j.p.j.s.J.Run Pipeline Request: Running mode: slow, file: pipelines/slow/book_url_pipeline_4.json
2025-07-17 14:58:29,386 INFO o.a.j.p.j.s.J.Run Pipeline Request: Running mode: slow, file: pipelines/slow/book_url_pipeline_3.json
2025-07-17 14:58:29,494 INFO o.a.j.p.j.s.J.Run Pipeline Request: Running mode: normal, file: pipelines/normal/book_url_pipeline_2.json
2025-07-17 14:58:29,569 INFO o.a.j.p.j.s.J.Run Pipeline Request: Running mode: slow, file: pipelines/slow/book_url_pipeline_3.json
2025-07-17 14:58:29,674 INFO o.a.j.p.j.s.J.Run Pipeline Request: Running mode: normal, file: pipelines/normal/book_url_pipeline_3.json
2025-07-17 14:58:30,602 INFO o.a.j.r.Summariser: summary +     41 in 00:00:30 =    1.4/s Avg:  4412 Min:  3043 Max: 11221 Err:     0 (0.00%) Active: 10 Started: 10 Finished: 0
2025-07-17 14:58:30,602 INFO o.a.j.r.Summariser: summary =     42 in 00:00:34 =    1.2/s Avg:  4402 Min:  3043 Max: 11221 Err:     0 (0.00%)
2025-07-17 14:58:30,603 INFO o.a.j.p.j.s.J.Run Pipeline Request: Running mode: flaky, file: pipelines/flaky/book_url_pipeline_4.json
2025-07-17 14:58:30,704 INFO o.a.j.p.j.s.J.Run Pipeline Request: Running mode: slow, file: pipelines/slow/book_url_pipeline_4.json
2025-07-17 14:58:30,987 INFO o.a.j.p.j.s.J.Run Pipeline Request: Running mode: flaky, file: pipelines/flaky/book_url_pipeline_3.json
2025-07-17 14:58:32,660 INFO o.a.j.p.j.s.J.Run Pipeline Request: Running mode: slow, file: pipelines/slow/book_url_pipeline_4.json
2025-07-17 14:58:32,724 INFO o.a.j.p.j.s.J.Run Pipeline Request: Running mode: normal, file: pipelines/normal/book_url_pipeline_2.json
2025-07-17 14:58:32,874 INFO o.a.j.p.j.s.J.Run Pipeline Request: Running mode: broken, file: pipelines/block/book_url_pipeline_4.json
2025-07-17 14:58:33,714 INFO o.a.j.p.j.s.J.Run Pipeline Request: Running mode: normal, file: pipelines/normal/book_url_pipeline_3.json
2025-07-17 14:58:34,081 INFO o.a.j.p.j.s.J.Run Pipeline Request: Running mode: slow, file: pipelines/slow/book_url_pipeline_2.json
2025-07-17 14:58:35,893 INFO o.a.j.p.j.s.J.Run Pipeline Request: Running mode: normal, file: pipelines/normal/book_url_pipeline_4.json
2025-07-17 14:58:35,919 INFO o.a.j.p.j.s.J.Run Pipeline Request: Running mode: normal, file: pipelines/normal/book_url_pipeline_4.json
2025-07-17 14:58:36,195 INFO o.a.j.p.j.s.J.Run Pipeline Request: Running mode: normal, file: pipelines/normal/book_url_pipeline_3.json
2025-07-17 14:58:36,954 INFO o.a.j.p.j.s.J.Run Pipeline Request: Running mode: flaky, file: pipelines/flaky/book_url_pipeline_1.json
2025-07-17 14:58:37,817 INFO o.a.j.p.j.s.J.Run Pipeline Request: Running mode: slow, file: pipelines/slow/book_url_pipeline_1.json
2025-07-17 14:58:38,074 INFO o.a.j.p.j.s.J.Run Pipeline Request: Running mode: normal, file: pipelines/normal/book_url_pipeline_4.json
2025-07-17 14:58:38,611 INFO o.a.j.p.j.s.J.Run Pipeline Request: Running mode: slow, file: pipelines/slow/book_url_pipeline_4.json
2025-07-17 14:58:38,803 INFO o.a.j.p.j.s.J.Run Pipeline Request: Running mode: slow, file: pipelines/slow/book_url_pipeline_2.json
2025-07-17 14:58:39,070 INFO o.a.j.p.j.s.J.Run Pipeline Request: Running mode: flaky, file: pipelines/flaky/book_url_pipeline_2.json
2025-07-17 14:58:39,097 INFO o.a.j.p.j.s.J.Run Pipeline Request: Running mode: normal, file: pipelines/normal/book_url_pipeline_3.json
2025-07-17 14:58:39,370 INFO o.a.j.p.j.s.J.Run Pipeline Request: Running mode: broken, file: pipelines/block/book_url_pipeline_3.json
2025-07-17 14:58:39,852 INFO o.a.j.p.j.s.J.Run Pipeline Request: Running mode: broken, file: pipelines/block/book_url_pipeline_2.json
2025-07-17 14:58:40,069 INFO o.a.j.p.j.s.J.Run Pipeline Request: Running mode: slow, file: pipelines/slow/book_url_pipeline_2.json
2025-07-17 14:58:41,220 INFO o.a.j.p.j.s.J.Run Pipeline Request: Running mode: flaky, file: pipelines/flaky/book_url_pipeline_3.json
2025-07-17 14:58:41,284 INFO o.a.j.p.j.s.J.Run Pipeline Request: Running mode: broken, file: pipelines/block/book_url_pipeline_4.json
2025-07-17 14:58:42,218 INFO o.a.j.p.j.s.J.Run Pipeline Request: Running mode: normal, file: pipelines/normal/book_url_pipeline_3.json
2025-07-17 14:58:42,308 INFO o.a.j.p.j.s.J.Run Pipeline Request: Running mode: normal, file: pipelines/normal/book_url_pipeline_3.json
2025-07-17 14:58:42,424 INFO o.a.j.p.j.s.J.Run Pipeline Request: Running mode: normal, file: pipelines/normal/book_url_pipeline_4.json
2025-07-17 14:58:42,910 INFO o.a.j.p.j.s.J.Run Pipeline Request: Running mode: flaky, file: pipelines/flaky/book_url_pipeline_2.json
2025-07-17 14:58:44,346 INFO o.a.j.p.j.s.J.Run Pipeline Request: Running mode: slow, file: pipelines/slow/book_url_pipeline_3.json
2025-07-17 14:58:44,380 INFO o.a.j.p.j.s.J.Run Pipeline Request: Running mode: slow, file: pipelines/slow/book_url_pipeline_4.json
2025-07-17 14:58:45,388 INFO o.a.j.p.j.s.J.Run Pipeline Request: Running mode: slow, file: pipelines/slow/book_url_pipeline_4.json
2025-07-17 14:58:45,548 INFO o.a.j.p.j.s.J.Run Pipeline Request: Running mode: slow, file: pipelines/slow/book_url_pipeline_4.json
2025-07-17 14:58:45,551 INFO o.a.j.p.j.s.J.Run Pipeline Request: Running mode: flaky, file: pipelines/flaky/book_url_pipeline_4.json
2025-07-17 14:58:45,773 INFO o.a.j.p.j.s.J.Run Pipeline Request: Running mode: flaky, file: pipelines/flaky/book_url_pipeline_3.json
2025-07-17 14:58:45,990 INFO o.a.j.p.j.s.J.Run Pipeline Request: Running mode: normal, file: pipelines/normal/book_url_pipeline_4.json
2025-07-17 14:58:46,002 INFO o.a.j.p.j.s.J.Run Pipeline Request: Running mode: slow, file: pipelines/slow/book_url_pipeline_2.json
2025-07-17 14:58:47,216 INFO o.a.j.p.j.s.J.Run Pipeline Request: Running mode: broken, file: pipelines/block/book_url_pipeline_4.json
2025-07-17 14:58:48,677 INFO o.a.j.p.j.s.J.Run Pipeline Request: Running mode: flaky, file: pipelines/flaky/book_url_pipeline_4.json
2025-07-17 14:58:48,913 INFO o.a.j.p.j.s.J.Run Pipeline Request: Running mode: broken, file: pipelines/block/book_url_pipeline_4.json
2025-07-17 14:58:49,082 INFO o.a.j.p.j.s.J.Run Pipeline Request: Running mode: flaky, file: pipelines/flaky/book_url_pipeline_4.json
2025-07-17 14:58:49,217 INFO o.a.j.p.j.s.J.Run Pipeline Request: Running mode: flaky, file: pipelines/flaky/book_url_pipeline_4.json
2025-07-17 14:58:50,261 INFO o.a.j.p.j.s.J.Run Pipeline Request: Running mode: flaky, file: pipelines/flaky/book_url_pipeline_2.json
2025-07-17 14:58:51,498 INFO o.a.j.p.j.s.J.Run Pipeline Request: Running mode: slow, file: pipelines/slow/book_url_pipeline_3.json
2025-07-17 14:58:51,830 INFO o.a.j.p.j.s.J.Run Pipeline Request: Running mode: slow, file: pipelines/slow/book_url_pipeline_1.json
2025-07-17 14:58:51,973 INFO o.a.j.p.j.s.J.Run Pipeline Request: Running mode: flaky, file: pipelines/flaky/book_url_pipeline_4.json
2025-07-17 14:58:52,200 INFO o.a.j.p.j.s.J.Run Pipeline Request: Running mode: slow, file: pipelines/slow/book_url_pipeline_2.json
2025-07-17 14:58:52,319 INFO o.a.j.p.j.s.J.Run Pipeline Request: Running mode: normal, file: pipelines/normal/book_url_pipeline_2.json
2025-07-17 14:58:52,524 INFO o.a.j.p.j.s.J.Run Pipeline Request: Running mode: flaky, file: pipelines/flaky/book_url_pipeline_3.json
2025-07-17 14:58:52,719 INFO o.a.j.p.j.s.J.Run Pipeline Request: Running mode: normal, file: pipelines/normal/book_url_pipeline_2.json
2025-07-17 14:58:53,308 INFO o.a.j.p.j.s.J.Run Pipeline Request: Running mode: slow, file: pipelines/slow/book_url_pipeline_3.json
2025-07-17 14:58:53,405 INFO o.a.j.p.j.s.J.Run Pipeline Request: Running mode: slow, file: pipelines/slow/book_url_pipeline_2.json
2025-07-17 14:58:53,555 INFO o.a.j.p.j.s.J.Run Pipeline Request: Running mode: flaky, file: pipelines/flaky/book_url_pipeline_1.json
2025-07-17 14:58:55,096 INFO o.a.j.p.j.s.J.Run Pipeline Request: Running mode: normal, file: pipelines/normal/book_url_pipeline_1.json
2025-07-17 14:58:55,471 INFO o.a.j.p.j.s.J.Run Pipeline Request: Running mode: slow, file: pipelines/slow/book_url_pipeline_2.json
2025-07-17 14:58:55,759 INFO o.a.j.p.j.s.J.Run Pipeline Request: Running mode: normal, file: pipelines/normal/book_url_pipeline_1.json
2025-07-17 14:58:55,875 INFO o.a.j.p.j.s.J.Run Pipeline Request: Running mode: normal, file: pipelines/normal/book_url_pipeline_4.json
2025-07-17 14:58:56,742 INFO o.a.j.p.j.s.J.Run Pipeline Request: Running mode: normal, file: pipelines/normal/book_url_pipeline_1.json
2025-07-17 14:58:58,321 INFO o.a.j.p.j.s.J.Run Pipeline Request: Running mode: slow, file: pipelines/slow/book_url_pipeline_3.json
2025-07-17 14:58:58,950 INFO o.a.j.p.j.s.J.Run Pipeline Request: Running mode: slow, file: pipelines/slow/book_url_pipeline_1.json
2025-07-17 14:58:58,991 INFO o.a.j.p.j.s.J.Run Pipeline Request: Running mode: broken, file: pipelines/block/book_url_pipeline_2.json
2025-07-17 14:58:59,363 INFO o.a.j.p.j.s.J.Run Pipeline Request: Running mode: slow, file: pipelines/slow/book_url_pipeline_2.json
2025-07-17 14:58:59,916 INFO o.a.j.p.j.s.J.Run Pipeline Request: Running mode: slow, file: pipelines/slow/book_url_pipeline_3.json
2025-07-17 14:59:00,566 INFO o.a.j.r.Summariser: summary +     61 in 00:00:30 =    2.0/s Avg:  4665 Min:  3045 Max: 11265 Err:     0 (0.00%) Active: 10 Started: 10 Finished: 0
2025-07-17 14:59:00,567 INFO o.a.j.r.Summariser: summary =    103 in 00:01:04 =    1.6/s Avg:  4558 Min:  3043 Max: 11265 Err:     0 (0.00%)
2025-07-17 14:59:00,570 INFO o.a.j.p.j.s.J.Run Pipeline Request: Running mode: normal, file: pipelines/normal/book_url_pipeline_1.json
2025-07-17 14:59:00,774 INFO o.a.j.p.j.s.J.Run Pipeline Request: Running mode: slow, file: pipelines/slow/book_url_pipeline_3.json
2025-07-17 14:59:02,046 INFO o.a.j.p.j.s.J.Run Pipeline Request: Running mode: flaky, file: pipelines/flaky/book_url_pipeline_1.json
2025-07-17 14:59:02,500 INFO o.a.j.p.j.s.J.Run Pipeline Request: Running mode: normal, file: pipelines/normal/book_url_pipeline_1.json
2025-07-17 14:59:02,682 INFO o.a.j.p.j.s.J.Run Pipeline Request: Running mode: flaky, file: pipelines/flaky/book_url_pipeline_3.json
2025-07-17 14:59:03,109 INFO o.a.j.p.j.s.J.Run Pipeline Request: Running mode: flaky, file: pipelines/flaky/book_url_pipeline_2.json
2025-07-17 14:59:03,743 INFO o.a.j.p.j.s.J.Run Pipeline Request: Running mode: broken, file: pipelines/block/book_url_pipeline_3.json
2025-07-17 14:59:05,154 INFO o.a.j.p.j.s.J.Run Pipeline Request: Running mode: normal, file: pipelines/normal/book_url_pipeline_3.json
2025-07-17 14:59:05,739 INFO o.a.j.p.j.s.J.Run Pipeline Request: Running mode: slow, file: pipelines/slow/book_url_pipeline_1.json
2025-07-17 14:59:05,914 INFO o.a.j.p.j.s.J.Run Pipeline Request: Running mode: normal, file: pipelines/normal/book_url_pipeline_4.json
2025-07-17 14:59:06,317 INFO o.a.j.p.j.s.J.Run Pipeline Request: Running mode: broken, file: pipelines/block/book_url_pipeline_3.json
2025-07-17 14:59:06,563 INFO o.a.j.p.j.s.J.Run Pipeline Request: Running mode: broken, file: pipelines/block/book_url_pipeline_2.json
2025-07-17 14:59:06,790 INFO o.a.j.p.j.s.J.Run Pipeline Request: Running mode: slow, file: pipelines/slow/book_url_pipeline_3.json
2025-07-17 14:59:07,543 INFO o.a.j.p.j.s.J.Run Pipeline Request: Running mode: slow, file: pipelines/slow/book_url_pipeline_3.json
2025-07-17 14:59:08,389 INFO o.a.j.p.j.s.J.Run Pipeline Request: Running mode: slow, file: pipelines/slow/book_url_pipeline_2.json
2025-07-17 14:59:09,020 INFO o.a.j.p.j.s.J.Run Pipeline Request: Running mode: normal, file: pipelines/normal/book_url_pipeline_2.json
2025-07-17 14:59:09,127 INFO o.a.j.p.j.s.J.Run Pipeline Request: Running mode: slow, file: pipelines/slow/book_url_pipeline_1.json
2025-07-17 14:59:09,378 INFO o.a.j.p.j.s.J.Run Pipeline Request: Running mode: normal, file: pipelines/normal/book_url_pipeline_3.json
2025-07-17 14:59:09,614 INFO o.a.j.p.j.s.J.Run Pipeline Request: Running mode: normal, file: pipelines/normal/book_url_pipeline_2.json
2025-07-17 14:59:09,975 INFO o.a.j.p.j.s.J.Run Pipeline Request: Running mode: broken, file: pipelines/block/book_url_pipeline_1.json
2025-07-17 14:59:10,225 INFO o.a.j.p.j.s.J.Run Pipeline Request: Running mode: broken, file: pipelines/block/book_url_pipeline_1.json
2025-07-17 14:59:12,211 INFO o.a.j.p.j.s.J.Run Pipeline Request: Running mode: broken, file: pipelines/block/book_url_pipeline_1.json
2025-07-17 14:59:12,543 INFO o.a.j.p.j.s.J.Run Pipeline Request: Running mode: slow, file: pipelines/slow/book_url_pipeline_2.json
2025-07-17 14:59:12,757 INFO o.a.j.p.j.s.J.Run Pipeline Request: Running mode: broken, file: pipelines/block/book_url_pipeline_1.json
2025-07-17 14:59:13,074 INFO o.a.j.p.j.s.J.Run Pipeline Request: Running mode: slow, file: pipelines/slow/book_url_pipeline_4.json
2025-07-17 14:59:13,286 INFO o.a.j.p.j.s.J.Run Pipeline Request: Running mode: flaky, file: pipelines/flaky/book_url_pipeline_3.json
2025-07-17 14:59:15,270 INFO o.a.j.p.j.s.J.Run Pipeline Request: Running mode: slow, file: pipelines/slow/book_url_pipeline_2.json
2025-07-17 14:59:15,541 INFO o.a.j.p.j.s.J.Run Pipeline Request: Running mode: slow, file: pipelines/slow/book_url_pipeline_3.json
2025-07-17 14:59:15,818 INFO o.a.j.p.j.s.J.Run Pipeline Request: Running mode: normal, file: pipelines/normal/book_url_pipeline_1.json
2025-07-17 14:59:15,994 INFO o.a.j.p.j.s.J.Run Pipeline Request: Running mode: slow, file: pipelines/slow/book_url_pipeline_1.json
2025-07-17 14:59:16,385 INFO o.a.j.p.j.s.J.Run Pipeline Request: Running mode: flaky, file: pipelines/flaky/book_url_pipeline_2.json
2025-07-17 14:59:16,774 INFO o.a.j.p.j.s.J.Run Pipeline Request: Running mode: slow, file: pipelines/slow/book_url_pipeline_4.json
2025-07-17 14:59:16,949 INFO o.a.j.p.j.s.J.Run Pipeline Request: Running mode: broken, file: pipelines/block/book_url_pipeline_3.json
2025-07-17 14:59:19,045 INFO o.a.j.p.j.s.J.Run Pipeline Request: Running mode: flaky, file: pipelines/flaky/book_url_pipeline_3.json
2025-07-17 14:59:19,473 INFO o.a.j.p.j.s.J.Run Pipeline Request: Running mode: normal, file: pipelines/normal/book_url_pipeline_2.json
2025-07-17 14:59:19,736 INFO o.a.j.p.j.s.J.Run Pipeline Request: Running mode: normal, file: pipelines/normal/book_url_pipeline_2.json
2025-07-17 14:59:20,003 INFO o.a.j.p.j.s.J.Run Pipeline Request: Running mode: broken, file: pipelines/block/book_url_pipeline_2.json
2025-07-17 14:59:20,214 INFO o.a.j.p.j.s.J.Run Pipeline Request: Running mode: flaky, file: pipelines/flaky/book_url_pipeline_2.json
2025-07-17 14:59:20,337 INFO o.a.j.p.j.s.J.Run Pipeline Request: Running mode: broken, file: pipelines/block/book_url_pipeline_2.json
2025-07-17 14:59:22,144 INFO o.a.j.p.j.s.J.Run Pipeline Request: Running mode: normal, file: pipelines/normal/book_url_pipeline_2.json
2025-07-17 14:59:22,456 INFO o.a.j.p.j.s.J.Run Pipeline Request: Running mode: normal, file: pipelines/normal/book_url_pipeline_2.json
2025-07-17 14:59:22,600 INFO o.a.j.p.j.s.J.Run Pipeline Request: Running mode: flaky, file: pipelines/flaky/book_url_pipeline_3.json
2025-07-17 14:59:22,874 INFO o.a.j.p.j.s.J.Run Pipeline Request: Running mode: slow, file: pipelines/slow/book_url_pipeline_1.json
2025-07-17 14:59:23,058 INFO o.a.j.p.j.s.J.Run Pipeline Request: Running mode: slow, file: pipelines/slow/book_url_pipeline_4.json
2025-07-17 14:59:23,306 INFO o.a.j.p.j.s.J.Run Pipeline Request: Running mode: normal, file: pipelines/normal/book_url_pipeline_2.json
2025-07-17 14:59:23,390 INFO o.a.j.p.j.s.J.Run Pipeline Request: Running mode: broken, file: pipelines/block/book_url_pipeline_4.json
2025-07-17 14:59:23,892 INFO o.a.j.p.j.s.J.Run Pipeline Request: Running mode: slow, file: pipelines/slow/book_url_pipeline_4.json
2025-07-17 14:59:24,770 INFO o.a.j.p.j.s.J.Run Pipeline Request: Running mode: flaky, file: pipelines/flaky/book_url_pipeline_2.json
2025-07-17 14:59:25,277 INFO o.a.j.p.j.s.J.Run Pipeline Request: Running mode: broken, file: pipelines/block/book_url_pipeline_3.json
2025-07-17 14:59:25,604 INFO o.a.j.p.j.s.J.Run Pipeline Request: Running mode: slow, file: pipelines/slow/book_url_pipeline_2.json
2025-07-17 14:59:25,678 INFO o.a.j.p.j.s.J.Run Pipeline Request: Running mode: broken, file: pipelines/block/book_url_pipeline_1.json
2025-07-17 14:59:26,439 INFO o.a.j.p.j.s.J.Run Pipeline Request: Running mode: flaky, file: pipelines/flaky/book_url_pipeline_4.json
2025-07-17 14:59:26,463 INFO o.a.j.p.j.s.J.Run Pipeline Request: Running mode: slow, file: pipelines/slow/book_url_pipeline_1.json
2025-07-17 14:59:27,211 INFO o.a.j.p.j.s.J.Run Pipeline Request: Running mode: flaky, file: pipelines/flaky/book_url_pipeline_3.json
2025-07-17 14:59:27,916 INFO o.a.j.p.j.s.J.Run Pipeline Request: Running mode: flaky, file: pipelines/flaky/book_url_pipeline_4.json
2025-07-17 14:59:28,342 INFO o.a.j.p.j.s.J.Run Pipeline Request: Running mode: slow, file: pipelines/slow/book_url_pipeline_1.json
2025-07-17 14:59:28,715 INFO o.a.j.p.j.s.J.Run Pipeline Request: Running mode: normal, file: pipelines/normal/book_url_pipeline_2.json
2025-07-17 14:59:29,541 INFO o.a.j.p.j.s.J.Run Pipeline Request: Running mode: broken, file: pipelines/block/book_url_pipeline_4.json
2025-07-17 14:59:30,153 INFO o.a.j.r.Summariser: summary +     58 in 00:00:30 =    2.0/s Avg:  5215 Min:  3037 Max: 11277 Err:     0 (0.00%) Active: 10 Started: 10 Finished: 0
2025-07-17 14:59:30,153 INFO o.a.j.r.Summariser: summary =    161 in 00:01:34 =    1.7/s Avg:  4794 Min:  3037 Max: 11277 Err:     0 (0.00%)
2025-07-17 14:59:30,155 INFO o.a.j.p.j.s.J.Run Pipeline Request: Running mode: broken, file: pipelines/block/book_url_pipeline_3.json
2025-07-17 14:59:30,327 INFO o.a.j.p.j.s.J.Run Pipeline Request: Running mode: slow, file: pipelines/slow/book_url_pipeline_2.json
2025-07-17 14:59:31,015 INFO o.a.j.p.j.s.J.Run Pipeline Request: Running mode: broken, file: pipelines/block/book_url_pipeline_1.json
2025-07-17 14:59:31,046 INFO o.a.j.p.j.s.J.Run Pipeline Request: Running mode: broken, file: pipelines/block/book_url_pipeline_3.json
2025-07-17 14:59:31,897 INFO o.a.j.p.j.s.J.Run Pipeline Request: Running mode: broken, file: pipelines/block/book_url_pipeline_3.json
2025-07-17 14:59:32,584 INFO o.a.j.p.j.s.J.Run Pipeline Request: Running mode: normal, file: pipelines/normal/book_url_pipeline_3.json
2025-07-17 14:59:32,769 INFO o.a.j.p.j.s.J.Run Pipeline Request: Running mode: broken, file: pipelines/block/book_url_pipeline_1.json
2025-07-17 14:59:33,207 INFO o.a.j.p.j.s.J.Run Pipeline Request: Running mode: broken, file: pipelines/block/book_url_pipeline_2.json
2025-07-17 14:59:34,078 INFO o.a.j.p.j.s.J.Run Pipeline Request: Running mode: broken, file: pipelines/block/book_url_pipeline_1.json
2025-07-17 14:59:34,094 INFO o.a.j.p.j.s.J.Run Pipeline Request: Running mode: broken, file: pipelines/block/book_url_pipeline_2.json
2025-07-17 14:59:34,113 INFO o.a.j.p.j.s.J.Run Pipeline Request: Running mode: broken, file: pipelines/block/book_url_pipeline_2.json
2025-07-17 14:59:34,934 INFO o.a.j.p.j.s.J.Run Pipeline Request: Running mode: broken, file: pipelines/block/book_url_pipeline_2.json
2025-07-17 14:59:35,825 INFO o.a.j.p.j.s.J.Run Pipeline Request: Running mode: broken, file: pipelines/block/book_url_pipeline_3.json
2025-07-17 14:59:35,828 INFO o.a.j.p.j.s.J.Run Pipeline Request: Running mode: normal, file: pipelines/normal/book_url_pipeline_4.json
2025-07-17 14:59:36,251 INFO o.a.j.p.j.s.J.Run Pipeline Request: Running mode: flaky, file: pipelines/flaky/book_url_pipeline_2.json
2025-07-17 14:59:37,126 INFO o.a.j.p.j.s.J.Run Pipeline Request: Running mode: normal, file: pipelines/normal/book_url_pipeline_3.json
2025-07-17 14:59:37,141 INFO o.a.j.p.j.s.J.Run Pipeline Request: Running mode: slow, file: pipelines/slow/book_url_pipeline_2.json
2025-07-17 14:59:37,181 INFO o.a.j.p.j.s.J.Run Pipeline Request: Running mode: normal, file: pipelines/normal/book_url_pipeline_2.json
2025-07-17 14:59:37,462 INFO o.a.j.p.j.s.J.Run Pipeline Request: Running mode: slow, file: pipelines/slow/book_url_pipeline_4.json
2025-07-17 14:59:37,719 INFO o.a.j.p.j.s.J.Run Pipeline Request: Running mode: slow, file: pipelines/slow/book_url_pipeline_3.json
2025-07-17 14:59:37,979 INFO o.a.j.p.j.s.J.Run Pipeline Request: Running mode: broken, file: pipelines/block/book_url_pipeline_3.json
2025-07-17 14:59:38,872 INFO o.a.j.p.j.s.J.Run Pipeline Request: Running mode: slow, file: pipelines/slow/book_url_pipeline_1.json
2025-07-17 14:59:38,969 INFO o.a.j.p.j.s.J.Run Pipeline Request: Running mode: flaky, file: pipelines/flaky/book_url_pipeline_1.json
2025-07-17 14:59:39,364 INFO o.a.j.p.j.s.J.Run Pipeline Request: Running mode: slow, file: pipelines/slow/book_url_pipeline_1.json
2025-07-17 14:59:39,543 INFO o.a.j.p.j.s.J.Run Pipeline Request: Running mode: flaky, file: pipelines/flaky/book_url_pipeline_4.json
2025-07-17 14:59:40,353 INFO o.a.j.p.j.s.J.Run Pipeline Request: Running mode: normal, file: pipelines/normal/book_url_pipeline_1.json
2025-07-17 14:59:40,356 INFO o.a.j.p.j.s.J.Run Pipeline Request: Running mode: slow, file: pipelines/slow/book_url_pipeline_3.json
2025-07-17 14:59:41,026 INFO o.a.j.p.j.s.J.Run Pipeline Request: Running mode: normal, file: pipelines/normal/book_url_pipeline_2.json
2025-07-17 14:59:42,058 INFO o.a.j.p.j.s.J.Run Pipeline Request: Running mode: normal, file: pipelines/normal/book_url_pipeline_3.json
2025-07-17 14:59:42,666 INFO o.a.j.p.j.s.J.Run Pipeline Request: Running mode: broken, file: pipelines/block/book_url_pipeline_2.json
2025-07-17 14:59:43,564 INFO o.a.j.p.j.s.J.Run Pipeline Request: Running mode: slow, file: pipelines/slow/book_url_pipeline_2.json
2025-07-17 14:59:44,185 INFO o.a.j.p.j.s.J.Run Pipeline Request: Running mode: normal, file: pipelines/normal/book_url_pipeline_1.json
2025-07-17 14:59:44,327 INFO o.a.j.p.j.s.J.Run Pipeline Request: Running mode: broken, file: pipelines/block/book_url_pipeline_4.json
2025-07-17 14:59:44,573 INFO o.a.j.p.j.s.J.Run Pipeline Request: Running mode: broken, file: pipelines/block/book_url_pipeline_2.json
2025-07-17 14:59:45,224 INFO o.a.j.p.j.s.J.Run Pipeline Request: Running mode: broken, file: pipelines/block/book_url_pipeline_2.json
2025-07-17 14:59:45,726 INFO o.a.j.p.j.s.J.Run Pipeline Request: Running mode: slow, file: pipelines/slow/book_url_pipeline_4.json
2025-07-17 14:59:46,914 INFO o.a.j.p.j.s.J.Run Pipeline Request: Running mode: flaky, file: pipelines/flaky/book_url_pipeline_3.json
2025-07-17 14:59:47,352 INFO o.a.j.p.j.s.J.Run Pipeline Request: Running mode: flaky, file: pipelines/flaky/book_url_pipeline_4.json
2025-07-17 14:59:47,384 INFO o.a.j.p.j.s.J.Run Pipeline Request: Running mode: broken, file: pipelines/block/book_url_pipeline_4.json
2025-07-17 14:59:47,742 INFO o.a.j.p.j.s.J.Run Pipeline Request: Running mode: normal, file: pipelines/normal/book_url_pipeline_2.json
2025-07-17 14:59:48,256 INFO o.a.j.p.j.s.J.Run Pipeline Request: Running mode: normal, file: pipelines/normal/book_url_pipeline_4.json
2025-07-17 14:59:49,536 INFO o.a.j.p.j.s.J.Run Pipeline Request: Running mode: broken, file: pipelines/block/book_url_pipeline_2.json
2025-07-17 14:59:50,081 INFO o.a.j.p.j.s.J.Run Pipeline Request: Running mode: broken, file: pipelines/block/book_url_pipeline_4.json
2025-07-17 14:59:50,131 INFO o.a.j.p.j.s.J.Run Pipeline Request: Running mode: slow, file: pipelines/slow/book_url_pipeline_2.json
2025-07-17 14:59:50,433 INFO o.a.j.p.j.s.J.Run Pipeline Request: Running mode: slow, file: pipelines/slow/book_url_pipeline_1.json
2025-07-17 14:59:50,467 INFO o.a.j.p.j.s.J.Run Pipeline Request: Running mode: flaky, file: pipelines/flaky/book_url_pipeline_1.json
2025-07-17 14:59:50,596 INFO o.a.j.p.j.s.J.Run Pipeline Request: Running mode: normal, file: pipelines/normal/book_url_pipeline_4.json
2025-07-17 14:59:50,744 INFO o.a.j.p.j.s.J.Run Pipeline Request: Running mode: broken, file: pipelines/block/book_url_pipeline_3.json
2025-07-17 14:59:50,893 INFO o.a.j.p.j.s.J.Run Pipeline Request: Running mode: flaky, file: pipelines/flaky/book_url_pipeline_2.json
2025-07-17 14:59:51,416 INFO o.a.j.p.j.s.J.Run Pipeline Request: Running mode: slow, file: pipelines/slow/book_url_pipeline_3.json
2025-07-17 14:59:52,580 INFO o.a.j.p.j.s.J.Run Pipeline Request: Running mode: flaky, file: pipelines/flaky/book_url_pipeline_3.json
2025-07-17 14:59:52,840 INFO o.a.j.p.j.s.J.Run Pipeline Request: Running mode: slow, file: pipelines/slow/book_url_pipeline_3.json
2025-07-17 14:59:53,126 INFO o.a.j.p.j.s.J.Run Pipeline Request: Running mode: slow, file: pipelines/slow/book_url_pipeline_1.json
2025-07-17 14:59:53,682 INFO o.a.j.p.j.s.J.Run Pipeline Request: Running mode: normal, file: pipelines/normal/book_url_pipeline_1.json
2025-07-17 14:59:53,728 INFO o.a.j.p.j.s.J.Run Pipeline Request: Running mode: slow, file: pipelines/slow/book_url_pipeline_1.json
2025-07-17 14:59:53,793 INFO o.a.j.p.j.s.J.Run Pipeline Request: Running mode: slow, file: pipelines/slow/book_url_pipeline_1.json
2025-07-17 14:59:54,020 INFO o.a.j.p.j.s.J.Run Pipeline Request: Running mode: normal, file: pipelines/normal/book_url_pipeline_4.json
2025-07-17 14:59:55,682 INFO o.a.j.p.j.s.J.Run Pipeline Request: Running mode: normal, file: pipelines/normal/book_url_pipeline_4.json
2025-07-17 14:59:56,899 INFO o.a.j.p.j.s.J.Run Pipeline Request: Running mode: flaky, file: pipelines/flaky/book_url_pipeline_1.json
2025-07-17 14:59:57,124 INFO o.a.j.p.j.s.J.Run Pipeline Request: Running mode: broken, file: pipelines/block/book_url_pipeline_1.json
2025-07-17 14:59:57,284 INFO o.a.j.p.j.s.J.Run Pipeline Request: Running mode: slow, file: pipelines/slow/book_url_pipeline_3.json
2025-07-17 14:59:58,803 INFO o.a.j.p.j.s.J.Run Pipeline Request: Running mode: slow, file: pipelines/slow/book_url_pipeline_2.json
2025-07-17 14:59:59,985 INFO o.a.j.p.j.s.J.Run Pipeline Request: Running mode: broken, file: pipelines/block/book_url_pipeline_4.json
2025-07-17 15:00:00,165 INFO o.a.j.r.Summariser: summary +     63 in 00:00:30 =    2.1/s Avg:  4457 Min:  3033 Max: 11259 Err:     0 (0.00%) Active: 10 Started: 10 Finished: 0
2025-07-17 15:00:00,166 INFO o.a.j.r.Summariser: summary =    224 in 00:02:04 =    1.8/s Avg:  4700 Min:  3033 Max: 11277 Err:     0 (0.00%)
2025-07-17 15:00:00,166 INFO o.a.j.p.j.s.J.Run Pipeline Request: Running mode: slow, file: pipelines/slow/book_url_pipeline_3.json
2025-07-17 15:00:00,576 INFO o.a.j.p.j.s.J.Run Pipeline Request: Running mode: normal, file: pipelines/normal/book_url_pipeline_2.json
2025-07-17 15:00:01,683 INFO o.a.j.p.j.s.J.Run Pipeline Request: Running mode: slow, file: pipelines/slow/book_url_pipeline_3.json
2025-07-17 15:00:02,018 INFO o.a.j.p.j.s.J.Run Pipeline Request: Running mode: slow, file: pipelines/slow/book_url_pipeline_2.json
2025-07-17 15:00:03,026 INFO o.a.j.p.j.s.J.Run Pipeline Request: Running mode: slow, file: pipelines/slow/book_url_pipeline_4.json
2025-07-17 15:00:03,723 INFO o.a.j.p.j.s.J.Run Pipeline Request: Running mode: normal, file: pipelines/normal/book_url_pipeline_4.json
2025-07-17 15:00:04,380 INFO o.a.j.p.j.s.J.Run Pipeline Request: Running mode: normal, file: pipelines/normal/book_url_pipeline_3.json
2025-07-17 15:00:04,966 INFO o.a.j.p.j.s.J.Run Pipeline Request: Running mode: broken, file: pipelines/block/book_url_pipeline_3.json
2025-07-17 15:00:05,033 INFO o.a.j.p.j.s.J.Run Pipeline Request: Running mode: slow, file: pipelines/slow/book_url_pipeline_3.json
2025-07-17 15:00:05,991 INFO o.a.j.p.j.s.J.Run Pipeline Request: Running mode: normal, file: pipelines/normal/book_url_pipeline_4.json
2025-07-17 15:00:06,516 INFO o.a.j.p.j.s.J.Run Pipeline Request: Running mode: slow, file: pipelines/slow/book_url_pipeline_3.json
2025-07-17 15:00:06,926 INFO o.a.j.p.j.s.J.Run Pipeline Request: Running mode: broken, file: pipelines/block/book_url_pipeline_4.json
2025-07-17 15:00:07,541 INFO o.a.j.p.j.s.J.Run Pipeline Request: Running mode: slow, file: pipelines/slow/book_url_pipeline_1.json
2025-07-17 15:00:08,007 INFO o.a.j.p.j.s.J.Run Pipeline Request: Running mode: broken, file: pipelines/block/book_url_pipeline_1.json
2025-07-17 15:00:09,096 INFO o.a.j.p.j.s.J.Run Pipeline Request: Running mode: normal, file: pipelines/normal/book_url_pipeline_2.json
2025-07-17 15:00:09,185 INFO o.a.j.p.j.s.J.Run Pipeline Request: Running mode: normal, file: pipelines/normal/book_url_pipeline_1.json
2025-07-17 15:00:09,345 INFO o.a.j.p.j.s.J.Run Pipeline Request: Running mode: broken, file: pipelines/block/book_url_pipeline_2.json
2025-07-17 15:00:09,965 INFO o.a.j.p.j.s.J.Run Pipeline Request: Running mode: normal, file: pipelines/normal/book_url_pipeline_4.json
2025-07-17 15:00:10,151 INFO o.a.j.p.j.s.J.Run Pipeline Request: Running mode: broken, file: pipelines/block/book_url_pipeline_1.json
2025-07-17 15:00:10,946 INFO o.a.j.p.j.s.J.Run Pipeline Request: Running mode: normal, file: pipelines/normal/book_url_pipeline_2.json
2025-07-17 15:00:11,064 INFO o.a.j.p.j.s.J.Run Pipeline Request: Running mode: broken, file: pipelines/block/book_url_pipeline_4.json
2025-07-17 15:00:12,234 INFO o.a.j.p.j.s.J.Run Pipeline Request: Running mode: slow, file: pipelines/slow/book_url_pipeline_2.json
2025-07-17 15:00:12,353 INFO o.a.j.p.j.s.J.Run Pipeline Request: Running mode: normal, file: pipelines/normal/book_url_pipeline_2.json
2025-07-17 15:00:12,401 INFO o.a.j.p.j.s.J.Run Pipeline Request: Running mode: slow, file: pipelines/slow/book_url_pipeline_1.json
2025-07-17 15:00:13,071 INFO o.a.j.p.j.s.J.Run Pipeline Request: Running mode: normal, file: pipelines/normal/book_url_pipeline_2.json
2025-07-17 15:00:13,214 INFO o.a.j.p.j.s.J.Run Pipeline Request: Running mode: normal, file: pipelines/normal/book_url_pipeline_2.json
2025-07-17 15:00:14,106 INFO o.a.j.p.j.s.J.Run Pipeline Request: Running mode: slow, file: pipelines/slow/book_url_pipeline_3.json
2025-07-17 15:00:14,113 INFO o.a.j.p.j.s.J.Run Pipeline Request: Running mode: slow, file: pipelines/slow/book_url_pipeline_4.json
2025-07-17 15:00:14,252 INFO o.a.j.p.j.s.J.Run Pipeline Request: Running mode: slow, file: pipelines/slow/book_url_pipeline_3.json
2025-07-17 15:00:15,520 INFO o.a.j.p.j.s.J.Run Pipeline Request: Running mode: broken, file: pipelines/block/book_url_pipeline_2.json
2025-07-17 15:00:15,751 INFO o.a.j.p.j.s.J.Run Pipeline Request: Running mode: slow, file: pipelines/slow/book_url_pipeline_3.json
2025-07-17 15:00:16,223 INFO o.a.j.p.j.s.J.Run Pipeline Request: Running mode: slow, file: pipelines/slow/book_url_pipeline_4.json
2025-07-17 15:00:16,372 INFO o.a.j.p.j.s.J.Run Pipeline Request: Running mode: broken, file: pipelines/block/book_url_pipeline_4.json
2025-07-17 15:00:18,583 INFO o.a.j.p.j.s.J.Run Pipeline Request: Running mode: normal, file: pipelines/normal/book_url_pipeline_4.json
2025-07-17 15:00:18,759 INFO o.a.j.p.j.s.J.Run Pipeline Request: Running mode: slow, file: pipelines/slow/book_url_pipeline_2.json
2025-07-17 15:00:19,443 INFO o.a.j.p.j.s.J.Run Pipeline Request: Running mode: broken, file: pipelines/block/book_url_pipeline_4.json
2025-07-17 15:00:19,444 INFO o.a.j.p.j.s.J.Run Pipeline Request: Running mode: slow, file: pipelines/slow/book_url_pipeline_3.json
2025-07-17 15:00:21,240 INFO o.a.j.p.j.s.J.Run Pipeline Request: Running mode: broken, file: pipelines/block/book_url_pipeline_1.json
2025-07-17 15:00:21,720 INFO o.a.j.p.j.s.J.Run Pipeline Request: Running mode: normal, file: pipelines/normal/book_url_pipeline_4.json
2025-07-17 15:00:22,524 INFO o.a.j.p.j.s.J.Run Pipeline Request: Running mode: flaky, file: pipelines/flaky/book_url_pipeline_2.json
2025-07-17 15:00:23,333 INFO o.a.j.p.j.s.J.Run Pipeline Request: Running mode: broken, file: pipelines/block/book_url_pipeline_4.json
2025-07-17 15:00:23,350 INFO o.a.j.p.j.s.J.Run Pipeline Request: Running mode: normal, file: pipelines/normal/book_url_pipeline_2.json
2025-07-17 15:00:23,483 INFO o.a.j.p.j.s.J.Run Pipeline Request: Running mode: slow, file: pipelines/slow/book_url_pipeline_1.json
2025-07-17 15:00:23,619 INFO o.a.j.p.j.s.J.Run Pipeline Request: Running mode: slow, file: pipelines/slow/book_url_pipeline_1.json
2025-07-17 15:00:24,291 INFO o.a.j.p.j.s.J.Run Pipeline Request: Running mode: flaky, file: pipelines/flaky/book_url_pipeline_2.json
2025-07-17 15:00:24,826 INFO o.a.j.p.j.s.J.Run Pipeline Request: Running mode: slow, file: pipelines/slow/book_url_pipeline_1.json
2025-07-17 15:00:24,982 INFO o.a.j.p.j.s.J.Run Pipeline Request: Running mode: flaky, file: pipelines/flaky/book_url_pipeline_1.json
2025-07-17 15:00:25,648 INFO o.a.j.p.j.s.J.Run Pipeline Request: Running mode: flaky, file: pipelines/flaky/book_url_pipeline_3.json
2025-07-17 15:00:26,001 INFO o.a.j.p.j.s.J.Run Pipeline Request: Running mode: normal, file: pipelines/normal/book_url_pipeline_2.json
2025-07-17 15:00:26,397 INFO o.a.j.p.j.s.J.Run Pipeline Request: Running mode: slow, file: pipelines/slow/book_url_pipeline_1.json
2025-07-17 15:00:26,527 INFO o.a.j.p.j.s.J.Run Pipeline Request: Running mode: normal, file: pipelines/normal/book_url_pipeline_3.json
2025-07-17 15:00:27,417 INFO o.a.j.p.j.s.J.Run Pipeline Request: Running mode: slow, file: pipelines/slow/book_url_pipeline_4.json
2025-07-17 15:00:28,116 INFO o.a.j.p.j.s.J.Run Pipeline Request: Running mode: slow, file: pipelines/slow/book_url_pipeline_2.json
2025-07-17 15:00:28,676 INFO o.a.j.p.j.s.J.Run Pipeline Request: Running mode: broken, file: pipelines/block/book_url_pipeline_3.json
2025-07-17 15:00:28,871 INFO o.a.j.p.j.s.J.Run Pipeline Request: Running mode: flaky, file: pipelines/flaky/book_url_pipeline_4.json
2025-07-17 15:00:29,145 INFO o.a.j.p.j.s.J.Run Pipeline Request: Running mode: normal, file: pipelines/normal/book_url_pipeline_1.json
2025-07-17 15:00:29,742 INFO o.a.j.p.j.s.J.Run Pipeline Request: Running mode: normal, file: pipelines/normal/book_url_pipeline_3.json
2025-07-17 15:00:31,727 INFO o.a.j.r.Summariser: summary +     57 in 00:00:32 =    1.8/s Avg:  5644 Min:  3039 Max: 11253 Err:     0 (0.00%) Active: 10 Started: 10 Finished: 0
2025-07-17 15:00:31,728 INFO o.a.j.r.Summariser: summary =    281 in 00:02:35 =    1.8/s Avg:  4891 Min:  3033 Max: 11277 Err:     0 (0.00%)
2025-07-17 15:00:31,728 INFO o.a.j.p.j.s.J.Run Pipeline Request: Running mode: slow, file: pipelines/slow/book_url_pipeline_1.json
2025-07-17 15:00:31,980 INFO o.a.j.p.j.s.J.Run Pipeline Request: Running mode: normal, file: pipelines/normal/book_url_pipeline_3.json
2025-07-17 15:00:32,352 INFO o.a.j.p.j.s.J.Run Pipeline Request: Running mode: flaky, file: pipelines/flaky/book_url_pipeline_4.json
2025-07-17 15:00:32,908 INFO o.a.j.p.j.s.J.Run Pipeline Request: Running mode: slow, file: pipelines/slow/book_url_pipeline_4.json
2025-07-17 15:00:34,556 INFO o.a.j.p.j.s.J.Run Pipeline Request: Running mode: slow, file: pipelines/slow/book_url_pipeline_4.json
2025-07-17 15:00:34,709 INFO o.a.j.p.j.s.J.Run Pipeline Request: Running mode: flaky, file: pipelines/flaky/book_url_pipeline_3.json
2025-07-17 15:00:34,862 INFO o.a.j.p.j.s.J.Run Pipeline Request: Running mode: flaky, file: pipelines/flaky/book_url_pipeline_2.json
2025-07-17 15:00:35,160 INFO o.a.j.p.j.s.J.Run Pipeline Request: Running mode: flaky, file: pipelines/flaky/book_url_pipeline_4.json
2025-07-17 15:00:35,315 INFO o.a.j.p.j.s.J.Run Pipeline Request: Running mode: normal, file: pipelines/normal/book_url_pipeline_3.json
2025-07-17 15:00:35,477 INFO o.a.j.p.j.s.J.Run Pipeline Request: Running mode: slow, file: pipelines/slow/book_url_pipeline_4.json
2025-07-17 15:00:36,009 INFO o.a.j.p.j.s.J.Run Pipeline Request: Running mode: flaky, file: pipelines/flaky/book_url_pipeline_3.json
2025-07-17 15:00:37,648 INFO o.a.j.p.j.s.J.Run Pipeline Request: Running mode: slow, file: pipelines/slow/book_url_pipeline_1.json
2025-07-17 15:00:37,815 INFO o.a.j.p.j.s.J.Run Pipeline Request: Running mode: broken, file: pipelines/block/book_url_pipeline_2.json
2025-07-17 15:00:37,969 INFO o.a.j.p.j.s.J.Run Pipeline Request: Running mode: broken, file: pipelines/block/book_url_pipeline_3.json
2025-07-17 15:00:38,321 INFO o.a.j.p.j.s.J.Run Pipeline Request: Running mode: normal, file: pipelines/normal/book_url_pipeline_3.json
2025-07-17 15:00:38,469 INFO o.a.j.p.j.s.J.Run Pipeline Request: Running mode: broken, file: pipelines/block/book_url_pipeline_1.json
2025-07-17 15:00:39,188 INFO o.a.j.p.j.s.J.Run Pipeline Request: Running mode: broken, file: pipelines/block/book_url_pipeline_3.json
2025-07-17 15:00:40,027 INFO o.a.j.p.j.s.J.Run Pipeline Request: Running mode: slow, file: pipelines/slow/book_url_pipeline_1.json
2025-07-17 15:00:40,862 INFO o.a.j.p.j.s.J.Run Pipeline Request: Running mode: broken, file: pipelines/block/book_url_pipeline_1.json
2025-07-17 15:00:41,004 INFO o.a.j.p.j.s.J.Run Pipeline Request: Running mode: slow, file: pipelines/slow/book_url_pipeline_4.json
2025-07-17 15:00:41,473 INFO o.a.j.p.j.s.J.Run Pipeline Request: Running mode: normal, file: pipelines/normal/book_url_pipeline_2.json
2025-07-17 15:00:41,503 INFO o.a.j.p.j.s.J.Run Pipeline Request: Running mode: normal, file: pipelines/normal/book_url_pipeline_2.json
2025-07-17 15:00:41,684 INFO o.a.j.p.j.s.J.Run Pipeline Request: Running mode: broken, file: pipelines/block/book_url_pipeline_2.json
2025-07-17 15:00:42,244 INFO o.a.j.p.j.s.J.Run Pipeline Request: Running mode: broken, file: pipelines/block/book_url_pipeline_1.json
2025-07-17 15:00:42,582 INFO o.a.j.p.j.s.J.Run Pipeline Request: Running mode: slow, file: pipelines/slow/book_url_pipeline_4.json
2025-07-17 15:00:42,976 INFO o.a.j.p.j.s.J.Run Pipeline Request: Running mode: flaky, file: pipelines/flaky/book_url_pipeline_3.json
2025-07-17 15:00:43,925 INFO o.a.j.p.j.s.J.Run Pipeline Request: Running mode: slow, file: pipelines/slow/book_url_pipeline_1.json
2025-07-17 15:00:44,654 INFO o.a.j.p.j.s.J.Run Pipeline Request: Running mode: normal, file: pipelines/normal/book_url_pipeline_2.json
2025-07-17 15:00:44,678 INFO o.a.j.p.j.s.J.Run Pipeline Request: Running mode: slow, file: pipelines/slow/book_url_pipeline_1.json
2025-07-17 15:00:44,732 INFO o.a.j.p.j.s.J.Run Pipeline Request: Running mode: slow, file: pipelines/slow/book_url_pipeline_1.json
2025-07-17 15:00:45,308 INFO o.a.j.p.j.s.J.Run Pipeline Request: Running mode: normal, file: pipelines/normal/book_url_pipeline_4.json
2025-07-17 15:00:46,173 INFO o.a.j.p.j.s.J.Run Pipeline Request: Running mode: flaky, file: pipelines/flaky/book_url_pipeline_1.json
2025-07-17 15:00:47,856 INFO o.a.j.p.j.s.J.Run Pipeline Request: Running mode: broken, file: pipelines/block/book_url_pipeline_3.json
2025-07-17 15:00:48,113 INFO o.a.j.p.j.s.J.Run Pipeline Request: Running mode: broken, file: pipelines/block/book_url_pipeline_4.json
2025-07-17 15:00:48,427 INFO o.a.j.p.j.s.J.Run Pipeline Request: Running mode: broken, file: pipelines/block/book_url_pipeline_4.json
2025-07-17 15:00:48,886 INFO o.a.j.p.j.s.J.Run Pipeline Request: Running mode: slow, file: pipelines/slow/book_url_pipeline_2.json
2025-07-17 15:00:49,316 INFO o.a.j.p.j.s.J.Run Pipeline Request: Running mode: normal, file: pipelines/normal/book_url_pipeline_2.json
2025-07-17 15:00:49,700 INFO o.a.j.p.j.s.J.Run Pipeline Request: Running mode: flaky, file: pipelines/flaky/book_url_pipeline_4.json
2025-07-17 15:00:50,910 INFO o.a.j.p.j.s.J.Run Pipeline Request: Running mode: slow, file: pipelines/slow/book_url_pipeline_2.json
2025-07-17 15:00:51,155 INFO o.a.j.p.j.s.J.Run Pipeline Request: Running mode: normal, file: pipelines/normal/book_url_pipeline_3.json
2025-07-17 15:00:51,247 INFO o.a.j.p.j.s.J.Run Pipeline Request: Running mode: normal, file: pipelines/normal/book_url_pipeline_3.json
2025-07-17 15:00:51,474 INFO o.a.j.p.j.s.J.Run Pipeline Request: Running mode: flaky, file: pipelines/flaky/book_url_pipeline_3.json
2025-07-17 15:00:52,443 INFO o.a.j.p.j.s.J.Run Pipeline Request: Running mode: slow, file: pipelines/slow/book_url_pipeline_2.json
2025-07-17 15:00:52,812 INFO o.a.j.p.j.s.J.Run Pipeline Request: Running mode: normal, file: pipelines/normal/book_url_pipeline_3.json
2025-07-17 15:00:54,343 INFO o.a.j.p.j.s.J.Run Pipeline Request: Running mode: broken, file: pipelines/block/book_url_pipeline_2.json
2025-07-17 15:00:54,470 INFO o.a.j.p.j.s.J.Run Pipeline Request: Running mode: slow, file: pipelines/slow/book_url_pipeline_3.json
2025-07-17 15:00:54,644 INFO o.a.j.p.j.s.J.Run Pipeline Request: Running mode: slow, file: pipelines/slow/book_url_pipeline_2.json
2025-07-17 15:00:55,135 INFO o.a.j.p.j.s.J.Run Pipeline Request: Running mode: broken, file: pipelines/block/book_url_pipeline_3.json
2025-07-17 15:00:55,972 INFO o.a.j.p.j.s.J.Run Pipeline Request: Running mode: broken, file: pipelines/block/book_url_pipeline_1.json
2025-07-17 15:00:56,016 INFO o.a.j.p.j.s.J.Run Pipeline Request: Running mode: broken, file: pipelines/block/book_url_pipeline_2.json
2025-07-17 15:00:56,024 INFO o.a.j.p.j.s.J.Run Pipeline Request: Running mode: flaky, file: pipelines/flaky/book_url_pipeline_2.json
2025-07-17 15:00:56,082 INFO o.a.j.p.j.s.J.Run Pipeline Request: Running mode: broken, file: pipelines/block/book_url_pipeline_2.json
2025-07-17 15:00:57,402 INFO o.a.j.p.j.s.J.Run Pipeline Request: Running mode: normal, file: pipelines/normal/book_url_pipeline_2.json
2025-07-17 15:00:58,084 INFO o.a.j.p.j.s.J.Run Pipeline Request: Running mode: normal, file: pipelines/normal/book_url_pipeline_4.json
2025-07-17 15:00:58,182 INFO o.a.j.p.j.s.J.Run Pipeline Request: Running mode: normal, file: pipelines/normal/book_url_pipeline_1.json
2025-07-17 15:00:59,045 INFO o.a.j.p.j.s.J.Run Pipeline Request: Running mode: normal, file: pipelines/normal/book_url_pipeline_1.json
2025-07-17 15:00:59,059 INFO o.a.j.p.j.s.J.Run Pipeline Request: Running mode: slow, file: pipelines/slow/book_url_pipeline_4.json
2025-07-17 15:00:59,153 INFO o.a.j.p.j.s.J.Run Pipeline Request: Running mode: slow, file: pipelines/slow/book_url_pipeline_4.json
2025-07-17 15:00:59,161 INFO o.a.j.p.j.s.J.Run Pipeline Request: Running mode: flaky, file: pipelines/flaky/book_url_pipeline_4.json
2025-07-17 15:00:59,623 INFO o.a.j.p.j.s.J.Run Pipeline Request: Running mode: broken, file: pipelines/block/book_url_pipeline_4.json
2025-07-17 15:01:00,579 INFO o.a.j.r.Summariser: summary +     60 in 00:00:29 =    2.1/s Avg:  5144 Min:  3033 Max: 11345 Err:     0 (0.00%) Active: 10 Started: 10 Finished: 0
2025-07-17 15:01:00,579 INFO o.a.j.r.Summariser: summary =    341 in 00:03:04 =    1.9/s Avg:  4936 Min:  3033 Max: 11345 Err:     0 (0.00%)
2025-07-17 15:01:00,580 INFO o.a.j.p.j.s.J.Run Pipeline Request: Running mode: flaky, file: pipelines/flaky/book_url_pipeline_2.json
2025-07-17 15:01:01,186 INFO o.a.j.p.j.s.J.Run Pipeline Request: Running mode: flaky, file: pipelines/flaky/book_url_pipeline_2.json
2025-07-17 15:01:01,385 INFO o.a.j.p.j.s.J.Run Pipeline Request: Running mode: flaky, file: pipelines/flaky/book_url_pipeline_3.json
2025-07-17 15:01:01,894 INFO o.a.j.p.j.s.J.Run Pipeline Request: Running mode: broken, file: pipelines/block/book_url_pipeline_2.json
2025-07-17 15:01:02,295 INFO o.a.j.p.j.s.J.Run Pipeline Request: Running mode: slow, file: pipelines/slow/book_url_pipeline_2.json
2025-07-17 15:01:02,300 INFO o.a.j.p.j.s.J.Run Pipeline Request: Running mode: broken, file: pipelines/block/book_url_pipeline_1.json
2025-07-17 15:01:02,681 INFO o.a.j.p.j.s.J.Run Pipeline Request: Running mode: normal, file: pipelines/normal/book_url_pipeline_2.json
2025-07-17 15:01:03,706 INFO o.a.j.p.j.s.J.Run Pipeline Request: Running mode: slow, file: pipelines/slow/book_url_pipeline_1.json
2025-07-17 15:01:03,763 INFO o.a.j.p.j.s.J.Run Pipeline Request: Running mode: broken, file: pipelines/block/book_url_pipeline_4.json
2025-07-17 15:01:04,278 INFO o.a.j.p.j.s.J.Run Pipeline Request: Running mode: normal, file: pipelines/normal/book_url_pipeline_4.json
2025-07-17 15:01:04,468 INFO o.a.j.p.j.s.J.Run Pipeline Request: Running mode: normal, file: pipelines/normal/book_url_pipeline_2.json
2025-07-17 15:01:04,936 INFO o.a.j.p.j.s.J.Run Pipeline Request: Running mode: flaky, file: pipelines/flaky/book_url_pipeline_1.json
2025-07-17 15:01:05,363 INFO o.a.j.p.j.s.J.Run Pipeline Request: Running mode: flaky, file: pipelines/flaky/book_url_pipeline_1.json
2025-07-17 15:01:05,871 INFO o.a.j.p.j.s.J.Run Pipeline Request: Running mode: slow, file: pipelines/slow/book_url_pipeline_1.json
2025-07-17 15:01:06,206 INFO o.a.j.p.j.s.J.Run Pipeline Request: Running mode: slow, file: pipelines/slow/book_url_pipeline_4.json
2025-07-17 15:01:06,269 INFO o.a.j.p.j.s.J.Run Pipeline Request: Running mode: flaky, file: pipelines/flaky/book_url_pipeline_4.json
2025-07-17 15:01:06,814 INFO o.a.j.p.j.s.J.Run Pipeline Request: Running mode: broken, file: pipelines/block/book_url_pipeline_2.json
2025-07-17 15:01:07,380 INFO o.a.j.p.j.s.J.Run Pipeline Request: Running mode: flaky, file: pipelines/flaky/book_url_pipeline_3.json
2025-07-17 15:01:07,601 INFO o.a.j.p.j.s.J.Run Pipeline Request: Running mode: slow, file: pipelines/slow/book_url_pipeline_4.json
2025-07-17 15:01:08,022 INFO o.a.j.p.j.s.J.Run Pipeline Request: Running mode: slow, file: pipelines/slow/book_url_pipeline_3.json
2025-07-17 15:01:08,503 INFO o.a.j.p.j.s.J.Run Pipeline Request: Running mode: broken, file: pipelines/block/book_url_pipeline_2.json
2025-07-17 15:01:09,379 INFO o.a.j.p.j.s.J.Run Pipeline Request: Running mode: normal, file: pipelines/normal/book_url_pipeline_3.json
2025-07-17 15:01:09,458 INFO o.a.j.p.j.s.J.Run Pipeline Request: Running mode: broken, file: pipelines/block/book_url_pipeline_4.json
2025-07-17 15:01:09,860 INFO o.a.j.p.j.s.J.Run Pipeline Request: Running mode: broken, file: pipelines/block/book_url_pipeline_1.json
2025-07-17 15:01:10,483 INFO o.a.j.p.j.s.J.Run Pipeline Request: Running mode: flaky, file: pipelines/flaky/book_url_pipeline_4.json
2025-07-17 15:01:11,545 INFO o.a.j.p.j.s.J.Run Pipeline Request: Running mode: normal, file: pipelines/normal/book_url_pipeline_2.json
2025-07-17 15:01:12,502 INFO o.a.j.p.j.s.J.Run Pipeline Request: Running mode: broken, file: pipelines/block/book_url_pipeline_4.json
2025-07-17 15:01:12,554 INFO o.a.j.p.j.s.J.Run Pipeline Request: Running mode: flaky, file: pipelines/flaky/book_url_pipeline_2.json
2025-07-17 15:01:12,915 INFO o.a.j.p.j.s.J.Run Pipeline Request: Running mode: slow, file: pipelines/slow/book_url_pipeline_4.json
2025-07-17 15:01:13,305 INFO o.a.j.p.j.s.J.Run Pipeline Request: Running mode: slow, file: pipelines/slow/book_url_pipeline_1.json
2025-07-17 15:01:13,580 INFO o.a.j.p.j.s.J.Run Pipeline Request: Running mode: normal, file: pipelines/normal/book_url_pipeline_3.json
2025-07-17 15:01:14,694 INFO o.a.j.p.j.s.J.Run Pipeline Request: Running mode: slow, file: pipelines/slow/book_url_pipeline_2.json
2025-07-17 15:01:14,710 INFO o.a.j.p.j.s.J.Run Pipeline Request: Running mode: flaky, file: pipelines/flaky/book_url_pipeline_1.json
2025-07-17 15:01:14,941 INFO o.a.j.p.j.s.J.Run Pipeline Request: Running mode: broken, file: pipelines/block/book_url_pipeline_2.json
2025-07-17 15:01:15,557 INFO o.a.j.p.j.s.J.Run Pipeline Request: Running mode: slow, file: pipelines/slow/book_url_pipeline_4.json
2025-07-17 15:01:15,652 INFO o.a.j.p.j.s.J.Run Pipeline Request: Running mode: broken, file: pipelines/block/book_url_pipeline_4.json
2025-07-17 15:01:16,727 INFO o.a.j.p.j.s.J.Run Pipeline Request: Running mode: broken, file: pipelines/block/book_url_pipeline_4.json
2025-07-17 15:01:17,128 INFO o.a.j.p.j.s.J.Run Pipeline Request: Running mode: normal, file: pipelines/normal/book_url_pipeline_4.json
2025-07-17 15:01:17,268 INFO o.a.j.p.j.s.J.Run Pipeline Request: Running mode: normal, file: pipelines/normal/book_url_pipeline_1.json
2025-07-17 15:01:17,912 INFO o.a.j.p.j.s.J.Run Pipeline Request: Running mode: slow, file: pipelines/slow/book_url_pipeline_3.json
2025-07-17 15:01:18,005 INFO o.a.j.p.j.s.J.Run Pipeline Request: Running mode: normal, file: pipelines/normal/book_url_pipeline_4.json
2025-07-17 15:01:18,685 INFO o.a.j.p.j.s.J.Run Pipeline Request: Running mode: broken, file: pipelines/block/book_url_pipeline_2.json
2025-07-17 15:01:19,771 INFO o.a.j.p.j.s.J.Run Pipeline Request: Running mode: flaky, file: pipelines/flaky/book_url_pipeline_3.json
2025-07-17 15:01:20,030 INFO o.a.j.p.j.s.J.Run Pipeline Request: Running mode: normal, file: pipelines/normal/book_url_pipeline_1.json
2025-07-17 15:01:20,244 INFO o.a.j.p.j.s.J.Run Pipeline Request: Running mode: slow, file: pipelines/slow/book_url_pipeline_3.json
2025-07-17 15:01:20,439 INFO o.a.j.p.j.s.J.Run Pipeline Request: Running mode: normal, file: pipelines/normal/book_url_pipeline_1.json
2025-07-17 15:01:21,111 INFO o.a.j.p.j.s.J.Run Pipeline Request: Running mode: slow, file: pipelines/slow/book_url_pipeline_1.json
2025-07-17 15:01:21,756 INFO o.a.j.p.j.s.J.Run Pipeline Request: Running mode: normal, file: pipelines/normal/book_url_pipeline_4.json
2025-07-17 15:01:21,836 INFO o.a.j.p.j.s.J.Run Pipeline Request: Running mode: broken, file: pipelines/block/book_url_pipeline_3.json
2025-07-17 15:01:22,690 INFO o.a.j.p.j.s.J.Run Pipeline Request: Running mode: flaky, file: pipelines/flaky/book_url_pipeline_4.json
2025-07-17 15:01:22,865 INFO o.a.j.p.j.s.J.Run Pipeline Request: Running mode: normal, file: pipelines/normal/book_url_pipeline_1.json
2025-07-17 15:01:23,191 INFO o.a.j.p.j.s.J.Run Pipeline Request: Running mode: flaky, file: pipelines/flaky/book_url_pipeline_4.json
2025-07-17 15:01:23,596 INFO o.a.j.p.j.s.J.Run Pipeline Request: Running mode: slow, file: pipelines/slow/book_url_pipeline_2.json
2025-07-17 15:01:24,501 INFO o.a.j.p.j.s.J.Run Pipeline Request: Running mode: normal, file: pipelines/normal/book_url_pipeline_1.json
2025-07-17 15:01:24,857 INFO o.a.j.p.j.s.J.Run Pipeline Request: Running mode: flaky, file: pipelines/flaky/book_url_pipeline_3.json
2025-07-17 15:01:24,883 INFO o.a.j.p.j.s.J.Run Pipeline Request: Running mode: broken, file: pipelines/block/book_url_pipeline_1.json
2025-07-17 15:01:25,797 INFO o.a.j.p.j.s.J.Run Pipeline Request: Running mode: broken, file: pipelines/block/book_url_pipeline_1.json
2025-07-17 15:01:26,073 INFO o.a.j.p.j.s.J.Run Pipeline Request: Running mode: flaky, file: pipelines/flaky/book_url_pipeline_4.json
2025-07-17 15:01:26,275 INFO o.a.j.p.j.s.J.Run Pipeline Request: Running mode: broken, file: pipelines/block/book_url_pipeline_1.json
2025-07-17 15:01:27,109 INFO o.a.j.p.j.s.J.Run Pipeline Request: Running mode: slow, file: pipelines/slow/book_url_pipeline_4.json
2025-07-17 15:01:27,686 INFO o.a.j.p.j.s.J.Run Pipeline Request: Running mode: slow, file: pipelines/slow/book_url_pipeline_3.json
2025-07-17 15:01:27,921 INFO o.a.j.p.j.s.J.Run Pipeline Request: Running mode: normal, file: pipelines/normal/book_url_pipeline_3.json
2025-07-17 15:01:28,017 INFO o.a.j.p.j.s.J.Run Pipeline Request: Running mode: normal, file: pipelines/normal/book_url_pipeline_4.json
2025-07-17 15:01:28,852 INFO o.a.j.p.j.s.J.Run Pipeline Request: Running mode: normal, file: pipelines/normal/book_url_pipeline_2.json
2025-07-17 15:01:29,163 INFO o.a.j.p.j.s.J.Run Pipeline Request: Running mode: slow, file: pipelines/slow/book_url_pipeline_2.json
2025-07-17 15:01:29,321 INFO o.a.j.p.j.s.J.Run Pipeline Request: Running mode: normal, file: pipelines/normal/book_url_pipeline_1.json
2025-07-17 15:01:29,422 INFO o.a.j.p.j.s.J.Run Pipeline Request: Running mode: normal, file: pipelines/normal/book_url_pipeline_4.json
2025-07-17 15:01:30,770 INFO o.a.j.r.Summariser: summary +     67 in 00:00:30 =    2.2/s Avg:  4438 Min:  3032 Max: 11257 Err:     0 (0.00%) Active: 10 Started: 10 Finished: 0
2025-07-17 15:01:30,770 INFO o.a.j.r.Summariser: summary =    408 in 00:03:34 =    1.9/s Avg:  4854 Min:  3032 Max: 11345 Err:     0 (0.00%)
2025-07-17 15:01:30,770 INFO o.a.j.p.j.s.J.Run Pipeline Request: Running mode: slow, file: pipelines/slow/book_url_pipeline_4.json
2025-07-17 15:01:31,147 INFO o.a.j.p.j.s.J.Run Pipeline Request: Running mode: normal, file: pipelines/normal/book_url_pipeline_3.json
2025-07-17 15:01:31,204 INFO o.a.j.p.j.s.J.Run Pipeline Request: Running mode: slow, file: pipelines/slow/book_url_pipeline_2.json
2025-07-17 15:01:32,012 INFO o.a.j.p.j.s.J.Run Pipeline Request: Running mode: normal, file: pipelines/normal/book_url_pipeline_1.json
2025-07-17 15:01:32,320 INFO o.a.j.p.j.s.J.Run Pipeline Request: Running mode: slow, file: pipelines/slow/book_url_pipeline_1.json
2025-07-17 15:01:32,513 INFO o.a.j.p.j.s.J.Run Pipeline Request: Running mode: slow, file: pipelines/slow/book_url_pipeline_2.json
2025-07-17 15:01:32,574 INFO o.a.j.p.j.s.J.Run Pipeline Request: Running mode: flaky, file: pipelines/flaky/book_url_pipeline_3.json
2025-07-17 15:01:34,214 INFO o.a.j.p.j.s.J.Run Pipeline Request: Running mode: flaky, file: pipelines/flaky/book_url_pipeline_3.json
2025-07-17 15:01:34,384 INFO o.a.j.p.j.s.J.Run Pipeline Request: Running mode: slow, file: pipelines/slow/book_url_pipeline_3.json
2025-07-17 15:01:35,164 INFO o.a.j.p.j.s.J.Run Pipeline Request: Running mode: normal, file: pipelines/normal/book_url_pipeline_1.json
2025-07-17 15:01:35,735 INFO o.a.j.p.j.s.J.Run Pipeline Request: Running mode: normal, file: pipelines/normal/book_url_pipeline_4.json
2025-07-17 15:01:36,324 INFO o.a.j.p.j.s.J.Run Pipeline Request: Running mode: normal, file: pipelines/normal/book_url_pipeline_4.json
2025-07-17 15:01:36,872 INFO o.a.j.p.j.s.J.Run Pipeline Request: Running mode: normal, file: pipelines/normal/book_url_pipeline_3.json
2025-07-17 15:01:37,361 INFO o.a.j.p.j.s.J.Run Pipeline Request: Running mode: normal, file: pipelines/normal/book_url_pipeline_3.json
2025-07-17 15:01:37,874 INFO o.a.j.p.j.s.J.Run Pipeline Request: Running mode: slow, file: pipelines/slow/book_url_pipeline_3.json
2025-07-17 15:01:38,316 INFO o.a.j.p.j.s.J.Run Pipeline Request: Running mode: flaky, file: pipelines/flaky/book_url_pipeline_1.json
2025-07-17 15:01:38,394 INFO o.a.j.p.j.s.J.Run Pipeline Request: Running mode: broken, file: pipelines/block/book_url_pipeline_1.json
2025-07-17 15:01:38,843 INFO o.a.j.p.j.s.J.Run Pipeline Request: Running mode: normal, file: pipelines/normal/book_url_pipeline_4.json
2025-07-17 15:01:39,438 INFO o.a.j.p.j.s.J.Run Pipeline Request: Running mode: flaky, file: pipelines/flaky/book_url_pipeline_3.json
2025-07-17 15:01:39,676 INFO o.a.j.p.j.s.J.Run Pipeline Request: Running mode: flaky, file: pipelines/flaky/book_url_pipeline_3.json
2025-07-17 15:01:40,026 INFO o.a.j.p.j.s.J.Run Pipeline Request: Running mode: normal, file: pipelines/normal/book_url_pipeline_3.json
2025-07-17 15:01:40,537 INFO o.a.j.p.j.s.J.Run Pipeline Request: Running mode: normal, file: pipelines/normal/book_url_pipeline_3.json
2025-07-17 15:01:41,438 INFO o.a.j.p.j.s.J.Run Pipeline Request: Running mode: flaky, file: pipelines/flaky/book_url_pipeline_2.json
2025-07-17 15:01:41,532 INFO o.a.j.p.j.s.J.Run Pipeline Request: Running mode: flaky, file: pipelines/flaky/book_url_pipeline_4.json
2025-07-17 15:01:41,946 INFO o.a.j.p.j.s.J.Run Pipeline Request: Running mode: flaky, file: pipelines/flaky/book_url_pipeline_3.json
2025-07-17 15:01:42,543 INFO o.a.j.p.j.s.J.Run Pipeline Request: Running mode: slow, file: pipelines/slow/book_url_pipeline_3.json
2025-07-17 15:01:42,818 INFO o.a.j.p.j.s.J.Run Pipeline Request: Running mode: normal, file: pipelines/normal/book_url_pipeline_4.json
2025-07-17 15:01:43,174 INFO o.a.j.p.j.s.J.Run Pipeline Request: Running mode: flaky, file: pipelines/flaky/book_url_pipeline_2.json
2025-07-17 15:01:43,570 INFO o.a.j.p.j.s.J.Run Pipeline Request: Running mode: slow, file: pipelines/slow/book_url_pipeline_2.json
2025-07-17 15:01:43,578 INFO o.a.j.p.j.s.J.Run Pipeline Request: Running mode: slow, file: pipelines/slow/book_url_pipeline_2.json
2025-07-17 15:01:43,706 INFO o.a.j.p.j.s.J.Run Pipeline Request: Running mode: normal, file: pipelines/normal/book_url_pipeline_4.json
2025-07-17 15:01:44,577 INFO o.a.j.p.j.s.J.Run Pipeline Request: Running mode: broken, file: pipelines/block/book_url_pipeline_3.json
2025-07-17 15:01:44,627 INFO o.a.j.p.j.s.J.Run Pipeline Request: Running mode: normal, file: pipelines/normal/book_url_pipeline_4.json
2025-07-17 15:01:45,064 INFO o.a.j.p.j.s.J.Run Pipeline Request: Running mode: broken, file: pipelines/block/book_url_pipeline_1.json
2025-07-17 15:01:45,956 INFO o.a.j.p.j.s.J.Run Pipeline Request: Running mode: slow, file: pipelines/slow/book_url_pipeline_3.json
2025-07-17 15:01:46,277 INFO o.a.j.p.j.s.J.Run Pipeline Request: Running mode: slow, file: pipelines/slow/book_url_pipeline_3.json
2025-07-17 15:01:46,812 INFO o.a.j.p.j.s.J.Run Pipeline Request: Running mode: normal, file: pipelines/normal/book_url_pipeline_1.json
2025-07-17 15:01:47,076 INFO o.a.j.p.j.s.J.Run Pipeline Request: Running mode: flaky, file: pipelines/flaky/book_url_pipeline_2.json
2025-07-17 15:01:47,643 INFO o.a.j.p.j.s.J.Run Pipeline Request: Running mode: flaky, file: pipelines/flaky/book_url_pipeline_1.json
2025-07-17 15:01:47,723 INFO o.a.j.p.j.s.J.Run Pipeline Request: Running mode: broken, file: pipelines/block/book_url_pipeline_1.json
2025-07-17 15:01:48,120 INFO o.a.j.p.j.s.J.Run Pipeline Request: Running mode: slow, file: pipelines/slow/book_url_pipeline_2.json
2025-07-17 15:01:50,008 INFO o.a.j.p.j.s.J.Run Pipeline Request: Running mode: flaky, file: pipelines/flaky/book_url_pipeline_4.json
2025-07-17 15:01:50,177 INFO o.a.j.p.j.s.J.Run Pipeline Request: Running mode: normal, file: pipelines/normal/book_url_pipeline_2.json
2025-07-17 15:01:50,737 INFO o.a.j.p.j.s.J.Run Pipeline Request: Running mode: slow, file: pipelines/slow/book_url_pipeline_3.json
2025-07-17 15:01:50,785 INFO o.a.j.p.j.s.J.Run Pipeline Request: Running mode: slow, file: pipelines/slow/book_url_pipeline_3.json
2025-07-17 15:01:50,788 INFO o.a.j.p.j.s.J.Run Pipeline Request: Running mode: flaky, file: pipelines/flaky/book_url_pipeline_4.json
2025-07-17 15:01:50,853 INFO o.a.j.p.j.s.J.Run Pipeline Request: Running mode: slow, file: pipelines/slow/book_url_pipeline_4.json
2025-07-17 15:01:51,757 INFO o.a.j.p.j.s.J.Run Pipeline Request: Running mode: broken, file: pipelines/block/book_url_pipeline_2.json
2025-07-17 15:01:53,133 INFO o.a.j.p.j.s.J.Run Pipeline Request: Running mode: slow, file: pipelines/slow/book_url_pipeline_2.json
2025-07-17 15:01:53,355 INFO o.a.j.p.j.s.J.Run Pipeline Request: Running mode: slow, file: pipelines/slow/book_url_pipeline_2.json
2025-07-17 15:01:53,895 INFO o.a.j.p.j.s.J.Run Pipeline Request: Running mode: slow, file: pipelines/slow/book_url_pipeline_2.json
2025-07-17 15:01:54,812 INFO o.a.j.p.j.s.J.Run Pipeline Request: Running mode: normal, file: pipelines/normal/book_url_pipeline_2.json
2025-07-17 15:01:55,175 INFO o.a.j.p.j.s.J.Run Pipeline Request: Running mode: flaky, file: pipelines/flaky/book_url_pipeline_4.json
2025-07-17 15:01:55,332 INFO o.a.j.p.j.s.J.Run Pipeline Request: Running mode: broken, file: pipelines/block/book_url_pipeline_3.json
2025-07-17 15:01:55,448 INFO o.a.j.p.j.s.J.Run Pipeline Request: Running mode: normal, file: pipelines/normal/book_url_pipeline_3.json
2025-07-17 15:01:57,950 INFO o.a.j.p.j.s.J.Run Pipeline Request: Running mode: flaky, file: pipelines/flaky/book_url_pipeline_2.json
2025-07-17 15:01:57,986 INFO o.a.j.p.j.s.J.Run Pipeline Request: Running mode: normal, file: pipelines/normal/book_url_pipeline_3.json
2025-07-17 15:01:58,275 INFO o.a.j.p.j.s.J.Run Pipeline Request: Running mode: slow, file: pipelines/slow/book_url_pipeline_1.json
2025-07-17 15:01:58,399 INFO o.a.j.p.j.s.J.Run Pipeline Request: Running mode: normal, file: pipelines/normal/book_url_pipeline_4.json
2025-07-17 15:01:58,628 INFO o.a.j.p.j.s.J.Run Pipeline Request: Running mode: normal, file: pipelines/normal/book_url_pipeline_4.json
2025-07-17 15:02:00,091 INFO o.a.j.r.Summariser: summary +     60 in 00:00:29 =    2.0/s Avg:  4717 Min:  3043 Max: 11250 Err:     0 (0.00%) Active: 10 Started: 10 Finished: 0
2025-07-17 15:02:00,091 INFO o.a.j.r.Summariser: summary =    468 in 00:04:04 =    1.9/s Avg:  4836 Min:  3032 Max: 11345 Err:     0 (0.00%)
2025-07-17 15:02:00,091 INFO o.a.j.p.j.s.J.Run Pipeline Request: Running mode: flaky, file: pipelines/flaky/book_url_pipeline_4.json
2025-07-17 15:02:00,092 INFO o.a.j.p.j.s.J.Run Pipeline Request: Running mode: flaky, file: pipelines/flaky/book_url_pipeline_2.json
2025-07-17 15:02:00,327 INFO o.a.j.p.j.s.J.Run Pipeline Request: Running mode: flaky, file: pipelines/flaky/book_url_pipeline_4.json
2025-07-17 15:02:00,546 INFO o.a.j.p.j.s.J.Run Pipeline Request: Running mode: slow, file: pipelines/slow/book_url_pipeline_3.json
2025-07-17 15:02:01,119 INFO o.a.j.p.j.s.J.Run Pipeline Request: Running mode: broken, file: pipelines/block/book_url_pipeline_1.json
2025-07-17 15:02:01,128 INFO o.a.j.p.j.s.J.Run Pipeline Request: Running mode: slow, file: pipelines/slow/book_url_pipeline_2.json
2025-07-17 15:02:01,156 INFO o.a.j.p.j.s.J.Run Pipeline Request: Running mode: normal, file: pipelines/normal/book_url_pipeline_1.json
2025-07-17 15:02:01,496 INFO o.a.j.p.j.s.J.Run Pipeline Request: Running mode: slow, file: pipelines/slow/book_url_pipeline_4.json
2025-07-17 15:02:01,724 INFO o.a.j.p.j.s.J.Run Pipeline Request: Running mode: normal, file: pipelines/normal/book_url_pipeline_3.json
2025-07-17 15:02:03,233 INFO o.a.j.p.j.s.J.Run Pipeline Request: Running mode: broken, file: pipelines/block/book_url_pipeline_1.json
2025-07-17 15:02:03,240 INFO o.a.j.p.j.s.J.Run Pipeline Request: Running mode: normal, file: pipelines/normal/book_url_pipeline_2.json
2025-07-17 15:02:03,495 INFO o.a.j.p.j.s.J.Run Pipeline Request: Running mode: normal, file: pipelines/normal/book_url_pipeline_1.json
2025-07-17 15:02:04,173 INFO o.a.j.p.j.s.J.Run Pipeline Request: Running mode: slow, file: pipelines/slow/book_url_pipeline_3.json
2025-07-17 15:02:04,377 INFO o.a.j.p.j.s.J.Run Pipeline Request: Running mode: broken, file: pipelines/block/book_url_pipeline_3.json
2025-07-17 15:02:04,867 INFO o.a.j.p.j.s.J.Run Pipeline Request: Running mode: flaky, file: pipelines/flaky/book_url_pipeline_3.json
2025-07-17 15:02:06,313 INFO o.a.j.p.j.s.J.Run Pipeline Request: Running mode: normal, file: pipelines/normal/book_url_pipeline_3.json
2025-07-17 15:02:06,452 INFO o.a.j.p.j.s.J.Run Pipeline Request: Running mode: flaky, file: pipelines/flaky/book_url_pipeline_3.json
2025-07-17 15:02:06,688 INFO o.a.j.p.j.s.J.Run Pipeline Request: Running mode: slow, file: pipelines/slow/book_url_pipeline_2.json
2025-07-17 15:02:07,417 INFO o.a.j.p.j.s.J.Run Pipeline Request: Running mode: normal, file: pipelines/normal/book_url_pipeline_4.json
2025-07-17 15:02:07,961 INFO o.a.j.p.j.s.J.Run Pipeline Request: Running mode: normal, file: pipelines/normal/book_url_pipeline_3.json
2025-07-17 15:02:08,368 INFO o.a.j.p.j.s.J.Run Pipeline Request: Running mode: normal, file: pipelines/normal/book_url_pipeline_1.json
2025-07-17 15:02:08,625 INFO o.a.j.p.j.s.J.Run Pipeline Request: Running mode: normal, file: pipelines/normal/book_url_pipeline_4.json
2025-07-17 15:02:09,472 INFO o.a.j.p.j.s.J.Run Pipeline Request: Running mode: broken, file: pipelines/block/book_url_pipeline_4.json
2025-07-17 15:02:09,534 INFO o.a.j.p.j.s.J.Run Pipeline Request: Running mode: slow, file: pipelines/slow/book_url_pipeline_4.json
2025-07-17 15:02:09,633 INFO o.a.j.p.j.s.J.Run Pipeline Request: Running mode: slow, file: pipelines/slow/book_url_pipeline_2.json
2025-07-17 15:02:09,709 INFO o.a.j.p.j.s.J.Run Pipeline Request: Running mode: slow, file: pipelines/slow/book_url_pipeline_2.json
2025-07-17 15:02:10,509 INFO o.a.j.p.j.s.J.Run Pipeline Request: Running mode: normal, file: pipelines/normal/book_url_pipeline_2.json
2025-07-17 15:02:11,120 INFO o.a.j.p.j.s.J.Run Pipeline Request: Running mode: broken, file: pipelines/block/book_url_pipeline_4.json
2025-07-17 15:02:11,549 INFO o.a.j.p.j.s.J.Run Pipeline Request: Running mode: normal, file: pipelines/normal/book_url_pipeline_4.json
2025-07-17 15:02:11,721 INFO o.a.j.p.j.s.J.Run Pipeline Request: Running mode: normal, file: pipelines/normal/book_url_pipeline_4.json
2025-07-17 15:02:12,523 INFO o.a.j.p.j.s.J.Run Pipeline Request: Running mode: normal, file: pipelines/normal/book_url_pipeline_1.json
2025-07-17 15:02:13,342 INFO o.a.j.p.j.s.J.Run Pipeline Request: Running mode: slow, file: pipelines/slow/book_url_pipeline_3.json
2025-07-17 15:02:13,654 INFO o.a.j.p.j.s.J.Run Pipeline Request: Running mode: slow, file: pipelines/slow/book_url_pipeline_3.json
2025-07-17 15:02:13,890 INFO o.a.j.p.j.s.J.Run Pipeline Request: Running mode: flaky, file: pipelines/flaky/book_url_pipeline_1.json
2025-07-17 15:02:14,163 INFO o.a.j.p.j.s.J.Run Pipeline Request: Running mode: broken, file: pipelines/block/book_url_pipeline_3.json
2025-07-17 15:02:14,643 INFO o.a.j.p.j.s.J.Run Pipeline Request: Running mode: normal, file: pipelines/normal/book_url_pipeline_2.json
2025-07-17 15:02:14,834 INFO o.a.j.p.j.s.J.Run Pipeline Request: Running mode: slow, file: pipelines/slow/book_url_pipeline_4.json
2025-07-17 15:02:15,695 INFO o.a.j.p.j.s.J.Run Pipeline Request: Running mode: slow, file: pipelines/slow/book_url_pipeline_1.json
2025-07-17 15:02:16,633 INFO o.a.j.p.j.s.J.Run Pipeline Request: Running mode: normal, file: pipelines/normal/book_url_pipeline_2.json
2025-07-17 15:02:16,776 INFO o.a.j.p.j.s.J.Run Pipeline Request: Running mode: broken, file: pipelines/block/book_url_pipeline_2.json
2025-07-17 15:02:16,883 INFO o.a.j.p.j.s.J.Run Pipeline Request: Running mode: normal, file: pipelines/normal/book_url_pipeline_2.json
2025-07-17 15:02:16,973 INFO o.a.j.p.j.s.J.Run Pipeline Request: Running mode: slow, file: pipelines/slow/book_url_pipeline_2.json
2025-07-17 15:02:17,218 INFO o.a.j.p.j.s.J.Run Pipeline Request: Running mode: normal, file: pipelines/normal/book_url_pipeline_3.json
2025-07-17 15:02:17,787 INFO o.a.j.p.j.s.J.Run Pipeline Request: Running mode: flaky, file: pipelines/flaky/book_url_pipeline_3.json
2025-07-17 15:02:19,830 INFO o.a.j.p.j.s.J.Run Pipeline Request: Running mode: normal, file: pipelines/normal/book_url_pipeline_3.json
2025-07-17 15:02:19,830 INFO o.a.j.p.j.s.J.Run Pipeline Request: Running mode: normal, file: pipelines/normal/book_url_pipeline_4.json
2025-07-17 15:02:20,071 INFO o.a.j.p.j.s.J.Run Pipeline Request: Running mode: broken, file: pipelines/block/book_url_pipeline_1.json
2025-07-17 15:02:20,373 INFO o.a.j.p.j.s.J.Run Pipeline Request: Running mode: broken, file: pipelines/block/book_url_pipeline_4.json
2025-07-17 15:02:21,012 INFO o.a.j.p.j.s.J.Run Pipeline Request: Running mode: slow, file: pipelines/slow/book_url_pipeline_2.json
2025-07-17 15:02:21,952 INFO o.a.j.p.j.s.J.Run Pipeline Request: Running mode: broken, file: pipelines/block/book_url_pipeline_4.json
2025-07-17 15:02:22,531 INFO o.a.j.p.j.s.J.Run Pipeline Request: Running mode: broken, file: pipelines/block/book_url_pipeline_4.json
2025-07-17 15:02:22,857 INFO o.a.j.p.j.s.J.Run Pipeline Request: Running mode: normal, file: pipelines/normal/book_url_pipeline_2.json
2025-07-17 15:02:22,964 INFO o.a.j.p.j.s.J.Run Pipeline Request: Running mode: flaky, file: pipelines/flaky/book_url_pipeline_4.json
2025-07-17 15:02:23,022 INFO o.a.j.p.j.s.J.Run Pipeline Request: Running mode: normal, file: pipelines/normal/book_url_pipeline_1.json
2025-07-17 15:02:23,104 INFO o.a.j.p.j.s.J.Run Pipeline Request: Running mode: normal, file: pipelines/normal/book_url_pipeline_1.json
2025-07-17 15:02:23,426 INFO o.a.j.p.j.s.J.Run Pipeline Request: Running mode: flaky, file: pipelines/flaky/book_url_pipeline_3.json
2025-07-17 15:02:24,142 INFO o.a.j.p.j.s.J.Run Pipeline Request: Running mode: normal, file: pipelines/normal/book_url_pipeline_2.json
2025-07-17 15:02:25,007 INFO o.a.j.p.j.s.J.Run Pipeline Request: Running mode: normal, file: pipelines/normal/book_url_pipeline_2.json
2025-07-17 15:02:25,577 INFO o.a.j.p.j.s.J.Run Pipeline Request: Running mode: slow, file: pipelines/slow/book_url_pipeline_4.json
2025-07-17 15:02:26,008 INFO o.a.j.p.j.s.J.Run Pipeline Request: Running mode: slow, file: pipelines/slow/book_url_pipeline_4.json
2025-07-17 15:02:26,078 INFO o.a.j.p.j.s.J.Run Pipeline Request: Running mode: slow, file: pipelines/slow/book_url_pipeline_1.json
2025-07-17 15:02:26,205 INFO o.a.j.p.j.s.J.Run Pipeline Request: Running mode: normal, file: pipelines/normal/book_url_pipeline_4.json
2025-07-17 15:02:26,307 INFO o.a.j.p.j.s.J.Run Pipeline Request: Running mode: slow, file: pipelines/slow/book_url_pipeline_1.json
2025-07-17 15:02:26,532 INFO o.a.j.p.j.s.J.Run Pipeline Request: Running mode: normal, file: pipelines/normal/book_url_pipeline_2.json
2025-07-17 15:02:26,937 INFO o.a.j.p.j.s.J.Run Pipeline Request: Running mode: normal, file: pipelines/normal/book_url_pipeline_2.json
2025-07-17 15:02:27,273 INFO o.a.j.p.j.s.J.Run Pipeline Request: Running mode: flaky, file: pipelines/flaky/book_url_pipeline_3.json
2025-07-17 15:02:28,165 INFO o.a.j.p.j.s.J.Run Pipeline Request: Running mode: flaky, file: pipelines/flaky/book_url_pipeline_4.json
2025-07-17 15:02:28,165 INFO o.a.j.p.j.s.J.Run Pipeline Request: Running mode: normal, file: pipelines/normal/book_url_pipeline_2.json
2025-07-17 15:02:29,337 INFO o.a.j.p.j.s.J.Run Pipeline Request: Running mode: normal, file: pipelines/normal/book_url_pipeline_4.json
2025-07-17 15:02:29,709 INFO o.a.j.p.j.s.J.Run Pipeline Request: Running mode: normal, file: pipelines/normal/book_url_pipeline_2.json
2025-07-17 15:02:30,075 INFO o.a.j.r.Summariser: summary +     70 in 00:00:30 =    2.3/s Avg:  4489 Min:  3033 Max: 11259 Err:     0 (0.00%) Active: 10 Started: 10 Finished: 0
2025-07-17 15:02:30,076 INFO o.a.j.r.Summariser: summary =    538 in 00:04:34 =    2.0/s Avg:  4791 Min:  3032 Max: 11345 Err:     0 (0.00%)
2025-07-17 15:02:30,076 INFO o.a.j.p.j.s.J.Run Pipeline Request: Running mode: broken, file: pipelines/block/book_url_pipeline_2.json
2025-07-17 15:02:30,415 INFO o.a.j.p.j.s.J.Run Pipeline Request: Running mode: flaky, file: pipelines/flaky/book_url_pipeline_3.json
2025-07-17 15:02:31,281 INFO o.a.j.p.j.s.J.Run Pipeline Request: Running mode: slow, file: pipelines/slow/book_url_pipeline_3.json
2025-07-17 15:02:31,383 INFO o.a.j.p.j.s.J.Run Pipeline Request: Running mode: normal, file: pipelines/normal/book_url_pipeline_3.json
2025-07-17 15:02:32,469 INFO o.a.j.p.j.s.J.Run Pipeline Request: Running mode: normal, file: pipelines/normal/book_url_pipeline_2.json
2025-07-17 15:02:32,682 INFO o.a.j.p.j.s.J.Run Pipeline Request: Running mode: flaky, file: pipelines/flaky/book_url_pipeline_4.json
2025-07-17 15:02:32,897 INFO o.a.j.p.j.s.J.Run Pipeline Request: Running mode: slow, file: pipelines/slow/book_url_pipeline_4.json
2025-07-17 15:02:33,122 INFO o.a.j.p.j.s.J.Run Pipeline Request: Running mode: flaky, file: pipelines/flaky/book_url_pipeline_4.json
2025-07-17 15:02:33,145 INFO o.a.j.p.j.s.J.Run Pipeline Request: Running mode: slow, file: pipelines/slow/book_url_pipeline_4.json
2025-07-17 15:02:33,538 INFO o.a.j.p.j.s.J.Run Pipeline Request: Running mode: flaky, file: pipelines/flaky/book_url_pipeline_1.json
2025-07-17 15:02:34,540 INFO o.a.j.p.j.s.J.Run Pipeline Request: Running mode: normal, file: pipelines/normal/book_url_pipeline_4.json
2025-07-17 15:02:35,624 INFO o.a.j.p.j.s.J.Run Pipeline Request: Running mode: slow, file: pipelines/slow/book_url_pipeline_2.json
2025-07-17 15:02:35,800 INFO o.a.j.p.j.s.J.Run Pipeline Request: Running mode: flaky, file: pipelines/flaky/book_url_pipeline_3.json
2025-07-17 15:02:36,263 INFO o.a.j.p.j.s.J.Run Pipeline Request: Running mode: flaky, file: pipelines/flaky/book_url_pipeline_4.json
2025-07-17 15:02:36,654 INFO o.a.j.p.j.s.J.Run Pipeline Request: Running mode: slow, file: pipelines/slow/book_url_pipeline_4.json
2025-07-17 15:02:37,273 INFO o.a.j.p.j.s.J.Run Pipeline Request: Running mode: normal, file: pipelines/normal/book_url_pipeline_2.json
2025-07-17 15:02:37,513 INFO o.a.j.p.j.s.J.Run Pipeline Request: Running mode: slow, file: pipelines/slow/book_url_pipeline_1.json
2025-07-17 15:02:37,665 INFO o.a.j.p.j.s.J.Run Pipeline Request: Running mode: slow, file: pipelines/slow/book_url_pipeline_3.json
2025-07-17 15:02:39,010 INFO o.a.j.p.j.s.J.Run Pipeline Request: Running mode: slow, file: pipelines/slow/book_url_pipeline_2.json
2025-07-17 15:02:39,357 INFO o.a.j.p.j.s.J.Run Pipeline Request: Running mode: slow, file: pipelines/slow/book_url_pipeline_2.json
2025-07-17 15:02:40,011 INFO o.a.j.p.j.s.J.Run Pipeline Request: Running mode: broken, file: pipelines/block/book_url_pipeline_3.json
2025-07-17 15:02:40,296 INFO o.a.j.p.j.s.J.Run Pipeline Request: Running mode: broken, file: pipelines/block/book_url_pipeline_2.json
2025-07-17 15:02:40,482 INFO o.a.j.p.j.s.J.Run Pipeline Request: Running mode: normal, file: pipelines/normal/book_url_pipeline_4.json
2025-07-17 15:02:40,525 INFO o.a.j.p.j.s.J.Run Pipeline Request: Running mode: flaky, file: pipelines/flaky/book_url_pipeline_3.json
2025-07-17 15:02:42,775 INFO o.a.j.p.j.s.J.Run Pipeline Request: Running mode: normal, file: pipelines/normal/book_url_pipeline_1.json
2025-07-17 15:02:43,066 INFO o.a.j.p.j.s.J.Run Pipeline Request: Running mode: flaky, file: pipelines/flaky/book_url_pipeline_4.json
2025-07-17 15:02:43,366 INFO o.a.j.p.j.s.J.Run Pipeline Request: Running mode: normal, file: pipelines/normal/book_url_pipeline_1.json
2025-07-17 15:02:43,647 INFO o.a.j.p.j.s.J.Run Pipeline Request: Running mode: slow, file: pipelines/slow/book_url_pipeline_3.json
2025-07-17 15:02:43,683 INFO o.a.j.p.j.s.J.Run Pipeline Request: Running mode: slow, file: pipelines/slow/book_url_pipeline_3.json
2025-07-17 15:02:43,781 INFO o.a.j.p.j.s.J.Run Pipeline Request: Running mode: flaky, file: pipelines/flaky/book_url_pipeline_2.json
2025-07-17 15:02:45,964 INFO o.a.j.p.j.s.J.Run Pipeline Request: Running mode: normal, file: pipelines/normal/book_url_pipeline_2.json
2025-07-17 15:02:46,164 INFO o.a.j.p.j.s.J.Run Pipeline Request: Running mode: broken, file: pipelines/block/book_url_pipeline_4.json
2025-07-17 15:02:46,175 INFO o.a.j.p.j.s.J.Run Pipeline Request: Running mode: slow, file: pipelines/slow/book_url_pipeline_2.json
2025-07-17 15:02:46,526 INFO o.a.j.p.j.s.J.Run Pipeline Request: Running mode: slow, file: pipelines/slow/book_url_pipeline_4.json
2025-07-17 15:02:46,542 INFO o.a.j.p.j.s.J.Run Pipeline Request: Running mode: normal, file: pipelines/normal/book_url_pipeline_2.json
2025-07-17 15:02:46,875 INFO o.a.j.p.j.s.J.Run Pipeline Request: Running mode: broken, file: pipelines/block/book_url_pipeline_3.json
2025-07-17 15:02:46,898 INFO o.a.j.p.j.s.J.Run Pipeline Request: Running mode: slow, file: pipelines/slow/book_url_pipeline_4.json
2025-07-17 15:02:48,704 INFO o.a.j.p.j.s.J.Run Pipeline Request: Running mode: slow, file: pipelines/slow/book_url_pipeline_1.json
2025-07-17 15:02:49,083 INFO o.a.j.p.j.s.J.Run Pipeline Request: Running mode: normal, file: pipelines/normal/book_url_pipeline_4.json
2025-07-17 15:02:49,222 INFO o.a.j.p.j.s.J.Run Pipeline Request: Running mode: flaky, file: pipelines/flaky/book_url_pipeline_1.json
2025-07-17 15:02:49,660 INFO o.a.j.p.j.s.J.Run Pipeline Request: Running mode: broken, file: pipelines/block/book_url_pipeline_3.json
2025-07-17 15:02:49,942 INFO o.a.j.p.j.s.J.Run Pipeline Request: Running mode: flaky, file: pipelines/flaky/book_url_pipeline_2.json
2025-07-17 15:02:52,182 INFO o.a.j.p.j.s.J.Run Pipeline Request: Running mode: normal, file: pipelines/normal/book_url_pipeline_4.json
2025-07-17 15:02:52,371 INFO o.a.j.p.j.s.J.Run Pipeline Request: Running mode: broken, file: pipelines/block/book_url_pipeline_2.json
2025-07-17 15:02:52,708 INFO o.a.j.p.j.s.J.Run Pipeline Request: Running mode: broken, file: pipelines/block/book_url_pipeline_1.json
2025-07-17 15:02:52,881 INFO o.a.j.p.j.s.J.Run Pipeline Request: Running mode: slow, file: pipelines/slow/book_url_pipeline_3.json
2025-07-17 15:02:52,902 INFO o.a.j.p.j.s.J.Run Pipeline Request: Running mode: normal, file: pipelines/normal/book_url_pipeline_2.json
2025-07-17 15:02:53,089 INFO o.a.j.p.j.s.J.Run Pipeline Request: Running mode: normal, file: pipelines/normal/book_url_pipeline_3.json
2025-07-17 15:02:53,387 INFO o.a.j.p.j.s.J.Run Pipeline Request: Running mode: broken, file: pipelines/block/book_url_pipeline_3.json
2025-07-17 15:02:53,664 INFO o.a.j.p.j.s.J.Run Pipeline Request: Running mode: broken, file: pipelines/block/book_url_pipeline_4.json
2025-07-17 15:02:54,017 INFO o.a.j.p.j.s.J.Run Pipeline Request: Running mode: flaky, file: pipelines/flaky/book_url_pipeline_4.json
2025-07-17 15:02:55,283 INFO o.a.j.p.j.s.J.Run Pipeline Request: Running mode: normal, file: pipelines/normal/book_url_pipeline_1.json
2025-07-17 15:02:55,433 INFO o.a.j.p.j.s.J.Run Pipeline Request: Running mode: slow, file: pipelines/slow/book_url_pipeline_3.json
2025-07-17 15:02:55,751 INFO o.a.j.p.j.s.J.Run Pipeline Request: Running mode: slow, file: pipelines/slow/book_url_pipeline_1.json
2025-07-17 15:02:56,071 INFO o.a.j.p.j.s.J.Run Pipeline Request: Running mode: broken, file: pipelines/block/book_url_pipeline_4.json
2025-07-17 15:02:56,257 INFO o.a.j.p.j.s.J.Run Pipeline Request: Running mode: flaky, file: pipelines/flaky/book_url_pipeline_4.json
2025-07-17 15:02:56,429 INFO o.a.j.t.JMeterThread: Stopping because end time detected by thread: Users 1-2
2025-07-17 15:02:56,429 INFO o.a.j.t.JMeterThread: Thread finished: Users 1-2
2025-07-17 15:02:56,708 INFO o.a.j.t.JMeterThread: Stopping because end time detected by thread: Users 1-10
2025-07-17 15:02:56,708 INFO o.a.j.t.JMeterThread: Thread finished: Users 1-10
2025-07-17 15:02:57,147 INFO o.a.j.t.JMeterThread: Stopping because end time detected by thread: Users 1-3
2025-07-17 15:02:57,147 INFO o.a.j.t.JMeterThread: Thread finished: Users 1-3
2025-07-17 15:02:58,451 INFO o.a.j.t.JMeterThread: Stopping because end time detected by thread: Users 1-1
2025-07-17 15:02:58,451 INFO o.a.j.t.JMeterThread: Thread finished: Users 1-1
2025-07-17 15:02:59,115 INFO o.a.j.t.JMeterThread: Stopping because end time detected by thread: Users 1-4
2025-07-17 15:02:59,115 INFO o.a.j.t.JMeterThread: Thread finished: Users 1-4
2025-07-17 15:02:59,364 INFO o.a.j.t.JMeterThread: Stopping because end time detected by thread: Users 1-6
2025-07-17 15:02:59,364 INFO o.a.j.t.JMeterThread: Thread finished: Users 1-6
2025-07-17 15:02:59,909 INFO o.a.j.t.JMeterThread: Stopping because end time detected by thread: Users 1-8
2025-07-17 15:02:59,909 INFO o.a.j.t.JMeterThread: Thread finished: Users 1-8
2025-07-17 15:03:02,074 INFO o.a.j.r.Summariser: summary +     63 in 00:00:32 =    2.0/s Avg:  4820 Min:  3042 Max: 11205 Err:     0 (0.00%) Active: 3 Started: 10 Finished: 7
2025-07-17 15:03:02,075 INFO o.a.j.r.Summariser: summary =    601 in 00:05:06 =    2.0/s Avg:  4794 Min:  3032 Max: 11345 Err:     0 (0.00%)
2025-07-17 15:03:02,075 INFO o.a.j.t.JMeterThread: Stopping because end time detected by thread: Users 1-7
2025-07-17 15:03:02,075 INFO o.a.j.t.JMeterThread: Thread finished: Users 1-7
2025-07-17 15:03:04,618 INFO o.a.j.t.JMeterThread: Stopping because end time detected by thread: Users 1-5
2025-07-17 15:03:04,618 INFO o.a.j.t.JMeterThread: Thread finished: Users 1-5
2025-07-17 15:03:06,947 INFO o.a.j.t.JMeterThread: Stopping because end time detected by thread: Users 1-9
2025-07-17 15:03:06,947 INFO o.a.j.t.JMeterThread: Thread finished: Users 1-9
2025-07-17 15:03:06,947 INFO o.a.j.e.StandardJMeterEngine: Notifying test listeners of end of test
2025-07-17 15:03:06,951 INFO o.a.j.r.Summariser: summary +      2 in 00:00:05 =    0.4/s Avg: 10191 Min:  9186 Max: 11196 Err:     0 (0.00%) Active: 0 Started: 10 Finished: 10
2025-07-17 15:03:06,952 INFO o.a.j.r.Summariser: summary =    603 in 00:05:11 =    1.9/s Avg:  4812 Min:  3032 Max: 11345 Err:     0 (0.00%)
